Component: ARM Compiler 5.06 update 7 (build 960) Tool: armlink [4d3601]

==============================================================================

Section Cross References

    system_stm32f4xx.o(i.SystemCoreClockUpdate) refers to system_stm32f4xx.o(.data) for .data
    system_stm32f4xx.o(i.SystemInit) refers to system_stm32f4xx.o(i.SetSysClock) for SetSysClock
    key.o(i.KEY_Init) refers to stm32f4xx_rcc.o(i.RCC_AHB1PeriphClockCmd) for RCC_AHB1PeriphClockCmd
    key.o(i.KEY_Init) refers to stm32f4xx_gpio.o(i.GPIO_Init) for GPIO_Init
    key.o(i.KEY_Scan) refers to delay.o(i.delay_ms) for delay_ms
    key.o(i.KEY_Scan) refers to key.o(.data) for .data
    led.o(i.LED_Init) refers to stm32f4xx_rcc.o(i.RCC_AHB1PeriphClockCmd) for RCC_AHB1PeriphClockCmd
    led.o(i.LED_Init) refers to stm32f4xx_gpio.o(i.GPIO_Init) for GPIO_Init
    led.o(i.LED_Init) refers to stm32f4xx_gpio.o(i.GPIO_SetBits) for GPIO_SetBits
    lcd.o(i.LCD_Clear) refers to lcd.o(i.LCD_SetCursor) for LCD_SetCursor
    lcd.o(i.LCD_Clear) refers to lcd.o(i.LCD_WriteRAM_Prepare) for LCD_WriteRAM_Prepare
    lcd.o(i.LCD_Clear) refers to lcd.o(.bss) for .bss
    lcd.o(i.LCD_Color_Fill) refers to lcd.o(i.LCD_SetCursor) for LCD_SetCursor
    lcd.o(i.LCD_Color_Fill) refers to lcd.o(i.LCD_WriteRAM_Prepare) for LCD_WriteRAM_Prepare
    lcd.o(i.LCD_DisplayOff) refers to lcd.o(i.LCD_WR_REG) for LCD_WR_REG
    lcd.o(i.LCD_DisplayOff) refers to lcd.o(.bss) for .bss
    lcd.o(i.LCD_DisplayOn) refers to lcd.o(i.LCD_WR_REG) for LCD_WR_REG
    lcd.o(i.LCD_DisplayOn) refers to lcd.o(.bss) for .bss
    lcd.o(i.LCD_Display_Dir) refers to lcd.o(i.LCD_Scan_Dir) for LCD_Scan_Dir
    lcd.o(i.LCD_Display_Dir) refers to lcd.o(.bss) for .bss
    lcd.o(i.LCD_DrawLine) refers to lcd.o(i.LCD_DrawPoint) for LCD_DrawPoint
    lcd.o(i.LCD_DrawPoint) refers to lcd.o(i.LCD_SetCursor) for LCD_SetCursor
    lcd.o(i.LCD_DrawPoint) refers to lcd.o(i.LCD_WriteRAM_Prepare) for LCD_WriteRAM_Prepare
    lcd.o(i.LCD_DrawPoint) refers to lcd.o(.data) for .data
    lcd.o(i.LCD_DrawRectangle) refers to lcd.o(i.LCD_DrawLine) for LCD_DrawLine
    lcd.o(i.LCD_Draw_Circle) refers to lcd.o(i.LCD_DrawPoint) for LCD_DrawPoint
    lcd.o(i.LCD_Fast_DrawPoint) refers to lcd.o(i.LCD_WR_REG) for LCD_WR_REG
    lcd.o(i.LCD_Fast_DrawPoint) refers to lcd.o(i.LCD_WR_DATA) for LCD_WR_DATA
    lcd.o(i.LCD_Fast_DrawPoint) refers to lcd.o(.bss) for .bss
    lcd.o(i.LCD_Fill) refers to lcd.o(i.LCD_SetCursor) for LCD_SetCursor
    lcd.o(i.LCD_Fill) refers to lcd.o(i.LCD_WriteRAM_Prepare) for LCD_WriteRAM_Prepare
    lcd.o(i.LCD_Init) refers to _printf_percent.o(.ARM.Collect$$_printf_percent$$00000000) for _printf_percent
    lcd.o(i.LCD_Init) refers to _printf_x.o(.ARM.Collect$$_printf_percent$$0000000C) for _printf_x
    lcd.o(i.LCD_Init) refers to _printf_hex_int_ll_ptr.o(.text) for _printf_longlong_hex
    lcd.o(i.LCD_Init) refers to stm32f4xx_rcc.o(i.RCC_AHB1PeriphClockCmd) for RCC_AHB1PeriphClockCmd
    lcd.o(i.LCD_Init) refers to stm32f4xx_rcc.o(i.RCC_AHB3PeriphClockCmd) for RCC_AHB3PeriphClockCmd
    lcd.o(i.LCD_Init) refers to stm32f4xx_gpio.o(i.GPIO_Init) for GPIO_Init
    lcd.o(i.LCD_Init) refers to stm32f4xx_gpio.o(i.GPIO_PinAFConfig) for GPIO_PinAFConfig
    lcd.o(i.LCD_Init) refers to stm32f4xx_fsmc.o(i.FSMC_NORSRAMInit) for FSMC_NORSRAMInit
    lcd.o(i.LCD_Init) refers to stm32f4xx_fsmc.o(i.FSMC_NORSRAMCmd) for FSMC_NORSRAMCmd
    lcd.o(i.LCD_Init) refers to delay.o(i.delay_ms) for delay_ms
    lcd.o(i.LCD_Init) refers to lcd.o(i.LCD_WR_REG) for LCD_WR_REG
    lcd.o(i.LCD_Init) refers to lcd.o(i.LCD_RD_DATA) for LCD_RD_DATA
    lcd.o(i.LCD_Init) refers to lcd.o(i.LCD_WriteReg) for LCD_WriteReg
    lcd.o(i.LCD_Init) refers to __2printf.o(.text) for __2printf
    lcd.o(i.LCD_Init) refers to lcd.o(i.LCD_WR_DATA) for LCD_WR_DATA
    lcd.o(i.LCD_Init) refers to lcd.o(.bss) for .bss
    lcd.o(i.LCD_Init) refers to delay.o(i.delay_us) for delay_us
    lcd.o(i.LCD_Init) refers to lcd.o(i.LCD_SSD_BackLightSet) for LCD_SSD_BackLightSet
    lcd.o(i.LCD_Init) refers to lcd.o(i.LCD_Display_Dir) for LCD_Display_Dir
    lcd.o(i.LCD_Init) refers to lcd.o(i.LCD_Clear) for LCD_Clear
    lcd.o(i.LCD_ReadPoint) refers to lcd.o(i.LCD_SetCursor) for LCD_SetCursor
    lcd.o(i.LCD_ReadPoint) refers to lcd.o(i.LCD_WR_REG) for LCD_WR_REG
    lcd.o(i.LCD_ReadPoint) refers to lcd.o(i.LCD_RD_DATA) for LCD_RD_DATA
    lcd.o(i.LCD_ReadPoint) refers to lcd.o(.bss) for .bss
    lcd.o(i.LCD_ReadReg) refers to lcd.o(i.LCD_WR_REG) for LCD_WR_REG
    lcd.o(i.LCD_ReadReg) refers to delay.o(i.delay_us) for delay_us
    lcd.o(i.LCD_ReadReg) refers to lcd.o(i.LCD_RD_DATA) for LCD_RD_DATA
    lcd.o(i.LCD_SSD_BackLightSet) refers to lcd.o(i.LCD_WR_REG) for LCD_WR_REG
    lcd.o(i.LCD_SSD_BackLightSet) refers to lcd.o(i.LCD_WR_DATA) for LCD_WR_DATA
    lcd.o(i.LCD_SSD_BackLightSet) refers to dflt_clz.o(x$fpl$dfltu) for __aeabi_ui2d
    lcd.o(i.LCD_SSD_BackLightSet) refers to dmul.o(x$fpl$dmul) for __aeabi_dmul
[...]
    0x0800c3b4   0x0800c3b4   0x00000064   Code   RO         7646    i.dns_entry_insert  dns.o
    0x0800c418   0x0800c418   0x0000000c   Code   RO         7647    i.dns_free_req      dns.o
    0x0800c424   0x0800c424   0x00000548   Code   RO         7648    i.dns_in            dns.o
    0x0800c96c   0x0800c96c   0x00000110   Code   RO         7649    i.dns_init          dns.o
    0x0800ca7c   0x0800ca7c   0x000000a0   Code   RO         7650    i.dns_insert_server  dns.o
    0x0800cb1c   0x0800cb1c   0x00000014   Code   RO         7651    i.dns_is_arrive     dns.o
    0x0800cb30   0x0800cb30   0x0000003c   Code   RO         7652    i.dns_req_add       dns.o
    0x0800cb6c   0x0800cb6c   0x00000042   Code   RO         7653    i.dns_req_fail      dns.o
    0x0800cbae   0x0800cbae   0x00000002   PAD
    0x0800cbb0   0x0800cbb0   0x00000164   Code   RO         7654    i.dns_req_in        dns.o
    0x0800cd14   0x0800cd14   0x00000034   Code   RO         7655    i.dns_req_remove    dns.o
    0x0800cd48   0x0800cd48   0x00000144   Code   RO         7656    i.dns_send_query    dns.o
    0x0800ce8c   0x0800ce8c   0x00000024   Code   RO         7657    i.dns_server_next   dns.o
    0x0800ceb0   0x0800ceb0   0x00000110   Code   RO         7658    i.dns_set_default_server  dns.o
    0x0800cfc0   0x0800cfc0   0x0000007c   Code   RO         7659    i.dns_update_tmo    dns.o
    0x0800d03c   0x0800d03c   0x00000080   Code   RO         7902    i.do_func           exmsg.o
    0x0800d0bc   0x0800d0bc   0x000000c8   Code   RO         7903    i.do_netif_in       exmsg.o
    0x0800d184   0x0800d184   0x00000210   Code   RO        10822    i.do_recv_file      tftp_server.o
    0x0800d394   0x0800d394   0x00000260   Code   RO        10823    i.do_send_file      tftp_server.o
    0x0800d5f4   0x0800d5f4   0x00000348   Code   RO        10761    i.do_tftp_get       tftp_client.o
    0x0800d93c   0x0800d93c   0x000002cc   Code   RO        10762    i.do_tftp_put       tftp_client.o
    0x0800dc08   0x0800dc08   0x00000048   Code   RO         7660    i.domain_name_cmp   dns.o
    0x0800dc50   0x0800dc50   0x00000028   Code   RO         7661    i.domain_name_skip  dns.o
    0x0800dc78   0x0800dc78   0x00000008   Code   RO         7825    i.ether_broadcast_addr  ether.o
    0x0800dc80   0x0800dc80   0x00000004   Code   RO         7826    i.ether_close       ether.o
    0x0800dc84   0x0800dc84   0x000001e4   Code   RO         7827    i.ether_in          ether.o
    0x0800de68   0x0800de68   0x00000090   Code   RO         7828    i.ether_init        ether.o
    0x0800def8   0x0800def8   0x00000004   Code   RO         7829    i.ether_open        ether.o
    0x0800defc   0x0800defc   0x00000054   Code   RO         7830    i.ether_out         ether.o
    0x0800df50   0x0800df50   0x00000190   Code   RO         7831    i.ether_raw_out     ether.o
    0x0800e0e0   0x0800e0e0   0x00000150   Code   RO         7904    i.exmsg_func_exec   exmsg.o
    0x0800e230   0x0800e230   0x000000e4   Code   RO         7905    i.exmsg_init        exmsg.o
    0x0800e314   0x0800e314   0x000000a4   Code   RO         7906    i.exmsg_netif_in    exmsg.o
    0x0800e3b8   0x0800e3b8   0x0000002c   Code   RO         7907    i.exmsg_start       exmsg.o
    0x0800e3e4   0x0800e3e4   0x0000002e   Code   RO        11163    i.f_close           ff.o
    0x0800e412   0x0800e412   0x000002ce   Code   RO        11168    i.f_lseek           ff.o
    0x0800e6e0   0x0800e6e0   0x00000080   Code   RO        11171    i.f_mount           ff.o
    0x0800e760   0x0800e760   0x00000182   Code   RO        11172    i.f_open            ff.o
    0x0800e8e2   0x0800e8e2   0x000001cc   Code   RO        11177    i.f_read            ff.o
    0x0800eaae   0x0800eaae   0x000000ae   Code   RO        11182    i.f_sync            ff.o
    0x0800eb5c   0x0800eb5c   0x00000208   Code   RO        11186    i.f_write           ff.o
    0x0800ed64   0x0800ed64   0x00000058   Code   RO        11496    i.ff_convert        cc936.o
    0x0800edbc   0x0800edbc   0x00000020   Code   RO        11529    i.ff_cre_syncobj    ff_system.o
    0x0800eddc   0x0800eddc   0x0000000a   Code   RO        11530    i.ff_del_syncobj    ff_system.o
    0x0800ede6   0x0800ede6   0x00000004   Code   RO        11083    i.ff_memalloc       diskio.o
    0x0800edea   0x0800edea   0x00000004   Code   RO        11084    i.ff_memfree        diskio.o
    0x0800edee   0x0800edee   0x00000004   Code   RO        11531    i.ff_rel_grant      ff_system.o
    0x0800edf2   0x0800edf2   0x00000012   Code   RO        11532    i.ff_req_grant      ff_system.o
    0x0800ee04   0x0800ee04   0x0000002c   Code   RO        11497    i.ff_wtoupper       cc936.o
    0x0800ee30   0x0800ee30   0x00000018   Code   RO        12101    i.fgetc             c_w.l(fgetc.o)
    0x0800ee48   0x0800ee48   0x0000031c   Code   RO        11187    i.find_volume       ff.o
    0x0800f164   0x0800f164   0x0000000a   Code   RO         6431    i.first_task_entry  os_core.o
    0x0800f16e   0x0800f16e   0x00000002   PAD
    0x0800f170   0x0800f170   0x0000006c   Code   RO        11188    i.fit_lfn           ff.o
    0x0800f1dc   0x0800f1dc   0x0000001a   Code   RO         7985    i.fixq_count        fixq.o
    0x0800f1f6   0x0800f1f6   0x0000001c   Code   RO         7986    i.fixq_destroy      fixq.o
    0x0800f212   0x0800f212   0x00000002   PAD
    0x0800f214   0x0800f214   0x000000ec   Code   RO         7987    i.fixq_init         fixq.o
    0x0800f300   0x0800f300   0x0000006a   Code   RO         7988    i.fixq_recv         fixq.o
    0x0800f36a   0x0800f36a   0x0000007a   Code   RO         7989    i.fixq_send         fixq.o
    0x0800f3e4   0x0800f3e4   0x0000006a   Code   RO        11189    i.follow_path       ff.o
    0x0800f44e   0x0800f44e   0x0000001a   Code   RO        12105    i.fputc             c_w.l(fputc.o)
    0x0800f468   0x0800f468   0x00000030   Code   RO         8208    i.frag_add          ipv4.o
    0x0800f498   0x0800f498   0x00000038   Code   RO         8209    i.frag_alloc        ipv4.o
    0x0800f4d0   0x0800f4d0   0x00000050   Code   RO         8210    i.frag_find         ipv4.o
    0x0800f520   0x0800f520   0x00000028   Code   RO         8211    i.frag_free         ipv4.o
    0x0800f548   0x0800f548   0x00000020   Code   RO         8212    i.frag_free_buf_list  ipv4.o
    0x0800f568   0x0800f568   0x000000a4   Code   RO         8213    i.frag_init         ipv4.o
    0x0800f60c   0x0800f60c   0x000000d8   Code   RO         8214    i.frag_insert       ipv4.o
    0x0800f6e4   0x0800f6e4   0x0000004e   Code   RO         8215    i.frag_is_all_arrived  ipv4.o
    0x0800f732   0x0800f732   0x00000002   PAD
    0x0800f734   0x0800f734   0x000000fc   Code   RO         8216    i.frag_join         ipv4.o
    0x0800f830   0x0800f830   0x0000002c   Code   RO         8217    i.frag_tmo          ipv4.o
    0x0800f85c   0x0800f85c   0x00000028   Code   RO        10873    i.free_client       httpd.o
    0x0800f884   0x0800f884   0x00000058   Code   RO        12450    i.frexp             m_ws.l(frexp.o)
    0x0800f8dc   0x0800f8dc   0x00000098   Code   RO        11190    i.gen_numname       ff.o
    0x0800f974   0x0800f974   0x000000cc   Code   RO        11191    i.get_fat           ff.o
    0x0800fa40   0x0800fa40   0x00000004   Code   RO        11085    i.get_fattime       diskio.o
    0x0800fa44   0x0800fa44   0x00000042   Code   RO        11193    i.get_ldnumber      ff.o
    0x0800fa86   0x0800fa86   0x00000072   Code   RO         9698    i.get_send_info     tcp_out.o
    0x0800faf8   0x0800faf8   0x0000001c   Code   RO         9047    i.get_socket        sock.o
    0x0800fb14   0x0800fb14   0x00000010   Code   RO        10874    i.http_400_bad_request  httpd.o
    0x0800fb24   0x0800fb24   0x00000010   Code   RO        10875    i.http_403_forbidden  httpd.o
    0x0800fb34   0x0800fb34   0x00000010   Code   RO        10876    i.http_404_not_found  httpd.o
    0x0800fb44   0x0800fb44   0x00000010   Code   RO        10877    i.http_501_not_implemented  httpd.o
    0x0800fb54   0x0800fb54   0x000000e4   Code   RO        10878    i.httpd_server_thread  httpd.o
    0x0800fc38   0x0800fc38   0x00000238   Code   RO        10879    i.httpd_start       httpd.o
    0x0800fe70   0x0800fe70   0x00000024   Code   RO         8032    i.icmpv4_echo_reply  icmpv4.o
    0x0800fe94   0x0800fe94   0x00000194   Code   RO         8033    i.icmpv4_in         icmpv4.o
    0x08010028   0x08010028   0x0000005c   Code   RO         8034    i.icmpv4_init       icmpv4.o
    0x08010084   0x08010084   0x00000038   Code   RO         8035    i.icmpv4_out        icmpv4.o
    0x080100bc   0x080100bc   0x00000170   Code   RO         8036    i.icmpv4_out_unreach  icmpv4.o
    0x0801022c   0x0801022c   0x00000038   Code   RO         6432    i.idle_task_entry   os_core.o
    0x08010264   0x08010264   0x0000006c   Code   RO        10016    i.insert_timer      timer.o
    0x080102d0   0x080102d0   0x00000124   Code   RO         8218    i.ip_frag_in        ipv4.o
    0x080103f4   0x080103f4   0x00000254   Code   RO         8219    i.ip_frag_out       ipv4.o
    0x08010648   0x08010648   0x00000194   Code   RO         8220    i.ip_normal_in      ipv4.o
    0x080107dc   0x080107dc   0x00000016   Code   RO         8105    i.ipaddr_1_cnt      ipaddr.o
    0x080107f2   0x080107f2   0x0000000e   Code   RO         8106    i.ipaddr_copy       ipaddr.o
    0x08010800   0x08010800   0x00000012   Code   RO         8107    i.ipaddr_from_buf   ipaddr.o
    0x08010812   0x08010812   0x0000004a   Code   RO         8108    i.ipaddr_from_str   ipaddr.o
    0x0801085c   0x0801085c   0x00000008   Code   RO         8109    i.ipaddr_get_any    ipaddr.o
    0x08010864   0x08010864   0x00000012   Code   RO         8110    i.ipaddr_get_host   ipaddr.o
    0x08010876   0x08010876   0x00000012   Code   RO         8111    i.ipaddr_get_net    ipaddr.o
    0x08010888   0x08010888   0x0000000e   Code   RO         8112    i.ipaddr_is_any     ipaddr.o
    0x08010896   0x08010896   0x00000020   Code   RO         8113    i.ipaddr_is_direct_broadcast  ipaddr.o
    0x080108b6   0x080108b6   0x00000010   Code   RO         8114    i.ipaddr_is_equal   ipaddr.o
    0x080108c6   0x080108c6   0x0000000e   Code   RO         8115    i.ipaddr_is_local_broadcast  ipaddr.o
    0x080108d4   0x080108d4   0x00000084   Code   RO         8116    i.ipaddr_is_match   ipaddr.o
    0x08010958   0x08010958   0x00000008   Code   RO         8117    i.ipaddr_set_all_1  ipaddr.o
    0x08010960   0x08010960   0x00000006   Code   RO         8118    i.ipaddr_set_any    ipaddr.o
    0x08010966   0x08010966   0x00000010   Code   RO         8119    i.ipaddr_set_loop   ipaddr.o
    0x08010976   0x08010976   0x00000012   Code   RO         8120    i.ipaddr_to_buf     ipaddr.o
    0x08010988   0x08010988   0x0000001e   Code   RO         8221    i.iphdr_htons       ipv4.o
    0x080109a6   0x080109a6   0x0000001e   Code   RO         8222    i.iphdr_ntohs       ipv4.o
    0x080109c4   0x080109c4   0x00000180   Code   RO         8223    i.ipv4_in           ipv4.o
    0x08010b44   0x08010b44   0x0000009c   Code   RO         8224    i.ipv4_init         ipv4.o
    0x08010be0   0x08010be0   0x00000260   Code   RO         8225    i.ipv4_out          ipv4.o
    0x08010e40   0x08010e40   0x00000018   Code   RO        10072    i.is_little_endian  tools.o
    0x08010e58   0x08010e58   0x00000134   Code   RO         7432    i.is_pkt_ok         arp.o
    0x08010f8c   0x08010f8c   0x00000098   Code   RO         7832    i.is_pkt_ok         ether.o
    0x08011024   0x08011024   0x000000a4   Code   RO         8037    i.is_pkt_ok         icmpv4.o
    0x080110c8   0x080110c8   0x00000158   Code   RO         8226    i.is_pkt_ok         ipv4.o
    0x08011220   0x08011220   0x00000068   Code   RO        10105    i.is_pkt_ok         udp.o
    0x08011288   0x08011288   0x00000028   Code   RO        10106    i.is_port_used      udp.o
    0x080112b0   0x080112b0   0x0000001e   Code   RO        11194    i.ld_clust          ff.o
    0x080112ce   0x080112ce   0x00000074   Code   RO        12476    i.ldexp             m_ws.l(ldexp.o)
    0x08011342   0x08011342   0x00000006   Code   RO        11195    i.lock_fs           ff.o
    0x08011348   0x08011348   0x00000002   Code   RO         8403    i.loop_close        loop.o
    0x0801134a   0x0801134a   0x00000002   PAD
    0x0801134c   0x0801134c   0x000000e0   Code   RO         8404    i.loop_init         loop.o
    0x0801142c   0x0801142c   0x0000000a   Code   RO         8405    i.loop_open         loop.o
    0x08011436   0x08011436   0x00000002   PAD
    0x08011438   0x08011438   0x00000070   Code   RO         8406    i.loop_xmit         loop.o
    0x080114a8   0x080114a8   0x00000044   Code   RO         6433    i.main              os_core.o
    0x080114ec   0x080114ec   0x00000052   Code   RO         8436    i.mblock_alloc      mblock.o
    0x0801153e   0x0801153e   0x00000030   Code   RO         8438    i.mblock_free       mblock.o
    0x0801156e   0x0801156e   0x00000002   PAD
    0x08011570   0x08011570   0x000000f4   Code   RO         8440    i.mblock_init       mblock.o
    0x08011664   0x08011664   0x0000001a   Code   RO        11196    i.mem_cmp           ff.o
    0x0801167e   0x0801167e   0x00000012   Code   RO        11197    i.mem_cpy           ff.o
    0x08011690   0x08011690   0x00000010   Code   RO        11198    i.mem_set           ff.o
    0x080116a0   0x080116a0   0x000001ac   Code   RO        10880    i.method_get_in     httpd.o
    0x0801184c   0x0801184c   0x0000002c   Code   RO        10881    i.mime_find         httpd.o
    0x08011878   0x08011878   0x00000030   Code   RO         8777    i.move_forward      pktbuf.o
    0x080118a8   0x080118a8   0x00000032   Code   RO        11199    i.move_window       ff.o
    0x080118da   0x080118da   0x00000020   Code   RO         6900    i.mutex_init        os_mutex.o
    0x080118fa   0x080118fa   0x00000002   PAD
    0x080118fc   0x080118fc   0x00000080   Code   RO         8483    i.net_init          net.o
    0x0801197c   0x0801197c   0x00000064   Code   RO        10222    i.net_plat_init     net_plat.o
    0x080119e0   0x080119e0   0x00000048   Code   RO         8484    i.net_start         net.o
    0x08011a28   0x08011a28   0x00000078   Code   RO        10017    i.net_timer_add     timer.o
    0x08011aa0   0x08011aa0   0x000000f0   Code   RO        10018    i.net_timer_check_tmo  timer.o
    0x08011b90   0x08011b90   0x00000018   Code   RO        10019    i.net_timer_first_tmo  timer.o
    0x08011ba8   0x08011ba8   0x00000068   Code   RO        10020    i.net_timer_init    timer.o
    0x08011c10   0x08011c10   0x0000008c   Code   RO        10021    i.net_timer_remove  timer.o
    0x08011c9c   0x08011c9c   0x000000b0   Code   RO        10426    i.netdev_init       test_net.o
    0x08011d4c   0x08011d4c   0x00000002   Code   RO        10242    i.netif_disc_close  netif_disc.o
    0x08011d4e   0x08011d4e   0x00000002   PAD
    0x08011d50   0x08011d50   0x0000007c   Code   RO        10243    i.netif_disc_open   netif_disc.o
    0x08011dcc   0x08011dcc   0x0000004e   Code   RO        10244    i.netif_disc_xmit   netif_disc.o
    0x08011e1a   0x08011e1a   0x00000002   PAD
    0x08011e1c   0x08011e1c   0x00000064   Code   RO         8573    i.netif_get_in      netif.o
    0x08011e80   0x08011e80   0x00000014   Code   RO         8574    i.netif_get_layer   netif.o
    0x08011e94   0x08011e94   0x00000068   Code   RO         8575    i.netif_get_out     netif.o
    0x08011efc   0x08011efc   0x00000090   Code   RO         8576    i.netif_init        netif.o
    0x08011f8c   0x08011f8c   0x0000023c   Code   RO         8577    i.netif_open        netif.o
    0x080121c8   0x080121c8   0x000000d0   Code   RO         8578    i.netif_out         netif.o
    0x08012298   0x08012298   0x00000098   Code   RO         8579    i.netif_put_in      netif.o
    0x08012330   0x08012330   0x00000060   Code   RO         8580    i.netif_put_out     netif.o
    0x08012390   0x08012390   0x00000094   Code   RO         8581    i.netif_register_layer  netif.o
    0x08012424   0x08012424   0x000000e8   Code   RO         8582    i.netif_set_active  netif.o
    0x0801250c   0x0801250c   0x00000048   Code   RO         8583    i.netif_set_addr    netif.o
    0x08012554   0x08012554   0x00000048   Code   RO         8585    i.netif_set_default  netif.o
    0x0801259c   0x0801259c   0x00000016   Code   RO         8586    i.netif_set_hwaddr  netif.o
    0x080125b2   0x080125b2   0x0000000a   Code   RO         8698    i.nlist_init        nlist.o
    0x080125bc   0x080125bc   0x0000003a   Code   RO         8699    i.nlist_insert_after  nlist.o
    0x080125f6   0x080125f6   0x0000002a   Code   RO         8700    i.nlist_insert_first  nlist.o
    0x08012620   0x08012620   0x0000002a   Code   RO         8701    i.nlist_insert_last  nlist.o
    0x0801264a   0x0801264a   0x0000000e   Code   RO         8702    i.nlist_is_empty    nlist.o
    0x08012658   0x08012658   0x00000036   Code   RO         8703    i.nlist_remove      nlist.o
    0x0801268e   0x0801268e   0x00000012   Code   RO         7433    i.nlist_remove_first  arp.o
    0x080126a0   0x080126a0   0x00000012   Code   RO         8227    i.nlist_remove_first  ipv4.o
    0x080126b2   0x080126b2   0x00000012   Code   RO         8778    i.nlist_remove_first  pktbuf.o
    0x080126c4   0x080126c4   0x00000012   Code   RO         8946    i.nlist_remove_first  raw.o
    0x080126d6   0x080126d6   0x00000012   Code   RO        10107    i.nlist_remove_first  udp.o
    0x080126e8   0x080126e8   0x0000000e   Code   RO         8742    i.nlocker_destroy   nlocker.o
    0x080126f6   0x080126f6   0x0000001e   Code   RO         8743    i.nlocker_init      nlocker.o
    0x08012714   0x08012714   0x0000001c   Code   RO         8744    i.nlocker_lock      nlocker.o
    0x08012730   0x08012730   0x00000010   Code   RO         8745    i.nlocker_unlock    nlocker.o
    0x08012740   0x08012740   0x00000090   Code   RO        11029    i.ntp_time          ntp.o
    0x080127d0   0x080127d0   0x00000024   Code   RO        10427    i.os_app_init       test_net.o
    0x080127f4   0x080127f4   0x00000164   Code   RO        10428    i.os_app_loop       test_net.o
    0x08012958   0x08012958   0x00000070   Code   RO         6434    i.os_bitmap_check   os_core.o
    0x080129c8   0x080129c8   0x0000001e   Code   RO         6435    i.os_bitmap_init    os_core.o
    0x080129e6   0x080129e6   0x00000008   Code   RO         6986    i.os_enter_protect  os_plat.o
    0x080129ee   0x080129ee   0x00000026   Code   RO         6652    i.os_event_add_wait  os_event.o
    0x08012a14   0x08012a14   0x00000046   Code   RO         6653    i.os_event_clear    os_event.o
    0x08012a5a   0x08012a5a   0x0000002c   Code   RO         6654    i.os_event_init     os_event.o
    0x08012a86   0x08012a86   0x00000026   Code   RO         6655    i.os_event_remove_first  os_event.o
    0x08012aac   0x08012aac   0x00000046   Code   RO         6656    i.os_event_remove_wait  os_event.o
    0x08012af2   0x08012af2   0x0000001a   Code   RO         6657    i.os_event_uninit   os_event.o
    0x08012b0c   0x08012b0c   0x00000064   Code   RO         6658    i.os_event_wait     os_event.o
    0x08012b70   0x08012b70   0x0000001e   Code   RO         6659    i.os_event_wait_cnt  os_event.o
    0x08012b8e   0x08012b8e   0x0000002e   Code   RO         6660    i.os_event_wakeup   os_event.o
    0x08012bbc   0x08012bbc   0x00000046   Code   RO         6661    i.os_event_wakeup_task  os_event.o
    0x08012c02   0x08012c02   0x00000002   PAD
    0x08012c04   0x08012c04   0x00000088   Code   RO         6436    i.os_init           os_core.o
    0x08012c8c   0x08012c8c   0x00000006   Code   RO         6987    i.os_leave_protect  os_plat.o
    0x08012c92   0x08012c92   0x0000002a   Code   RO         6720    i.os_list_add_head  os_list.o
    0x08012cbc   0x08012cbc   0x00000032   Code   RO         6721    i.os_list_append    os_list.o
    0x08012cee   0x08012cee   0x00000018   Code   RO         6724    i.os_list_first     os_list.o
    0x08012d06   0x08012d06   0x00000016   Code   RO         6725    i.os_list_init      os_list.o
    0x08012d1c   0x08012d1c   0x00000040   Code   RO         6726    i.os_list_insert_after  os_list.o
    0x08012d5c   0x08012d5c   0x00000046   Code   RO         6729    i.os_list_remove    os_list.o
    0x08012da2   0x08012da2   0x00000032   Code   RO         6730    i.os_list_remove_head  os_list.o
    0x08012dd4   0x08012dd4   0x00000004   Code   RO         6876    i.os_mem_alloc      os_mem.o
    0x08012dd8   0x08012dd8   0x00000004   Code   RO         6877    i.os_mem_free       os_mem.o
    0x08012ddc   0x08012ddc   0x00000002   Code   RO         6878    i.os_mem_init       os_mem.o
    0x08012dde   0x08012dde   0x0000002a   Code   RO         6901    i.os_mutex_create   os_mutex.o
    0x08012e08   0x08012e08   0x0000001e   Code   RO         6902    i.os_mutex_free     os_mutex.o
    0x08012e26   0x08012e26   0x00000010   Code   RO         6903    i.os_mutex_init     os_mutex.o
    0x08012e36   0x08012e36   0x000000a4   Code   RO         6904    i.os_mutex_lock     os_mutex.o
    0x08012eda   0x08012eda   0x00000060   Code   RO         6908    i.os_mutex_uninit   os_mutex.o
    0x08012f3a   0x08012f3a   0x000000a8   Code   RO         6909    i.os_mutex_unlock   os_mutex.o
    0x08012fe2   0x08012fe2   0x00000002   PAD
    0x08012fe4   0x08012fe4   0x00000054   Code   RO         6988    i.os_plat_init      os_plat.o
    0x08013038   0x08013038   0x0000005a   Code   RO         7138    i.os_queue_create   os_queue.o
    0x08013092   0x08013092   0x0000008c   Code   RO         7143    i.os_queue_release  os_queue.o
    0x0801311e   0x0801311e   0x00000072   Code   RO         7146    i.os_queue_wait     os_queue.o
    0x08013190   0x08013190   0x00000084   Code   RO         6439    i.os_sched_run      os_core.o
    0x08013214   0x08013214   0x0000005c   Code   RO         6440    i.os_sched_set_ready  os_core.o
    0x08013270   0x08013270   0x0000006c   Code   RO         6441    i.os_sched_set_unready  os_core.o
    0x080132dc   0x080132dc   0x0000003a   Code   RO         7234    i.os_sem_create     os_sem.o
    0x08013316   0x08013316   0x00000026   Code   RO         7235    i.os_sem_free       os_sem.o
    0x0801333c   0x0801333c   0x0000004c   Code   RO         7238    i.os_sem_release    os_sem.o
    0x08013388   0x08013388   0x00000034   Code   RO         7240    i.os_sem_uninit     os_sem.o
    0x080133bc   0x080133bc   0x00000046   Code   RO         7241    i.os_sem_wait       os_sem.o
    0x08013402   0x08013402   0x00000002   PAD
    0x08013404   0x08013404   0x00000010   Code   RO         6442    i.os_start          os_core.o
    0x08013414   0x08013414   0x00000034   Code   RO         6443    i.os_switch_ctx     os_core.o
    0x08013448   0x08013448   0x0000006c   Code   RO         7302    i.os_task_create    os_task.o
    0x080134b4   0x080134b4   0x00000050   Code   RO         6989    i.os_task_ctx_init  os_plat.o
    0x08013504   0x08013504   0x00000024   Code   RO         7303    i.os_task_exit      os_task.o
    0x08013528   0x08013528   0x00000054   Code   RO         7304    i.os_task_init      os_task.o
    0x0801357c   0x0801357c   0x0000000c   Code   RO         6444    i.os_task_insert_delete  os_core.o
    0x08013588   0x08013588   0x0000000c   Code   RO         6445    i.os_task_self      os_core.o
    0x08013594   0x08013594   0x0000007c   Code   RO         6447    i.os_task_set_delay  os_core.o
    0x08013610   0x08013610   0x0000001c   Code   RO         6448    i.os_task_set_wakeup  os_core.o
    0x0801362c   0x0801362c   0x00000038   Code   RO         7305    i.os_task_sleep     os_task.o
    0x08013664   0x08013664   0x0000002a   Code   RO         7306    i.os_task_start     os_task.o
    0x0801368e   0x0801368e   0x00000002   PAD
    0x08013690   0x08013690   0x00000010   Code   RO         6990    i.os_task_switch    os_plat.o
    0x080136a0   0x080136a0   0x0000001c   Code   RO         6991    i.os_task_switch_to  os_plat.o
    0x080136bc   0x080136bc   0x0000000c   Code   RO         6450    i.os_tick_count     os_core.o
    0x080136c8   0x080136c8   0x00000098   Code   RO         6451    i.os_time_tick      os_core.o
    0x08013760   0x08013760   0x00000002   Code   RO         7345    i.os_timer_core_init  os_timer.o
    0x08013762   0x08013762   0x00000002   PAD
    0x08013764   0x08013764   0x000002d4   Code   RO        11004    i.ping_run          ping.o
    0x08013a38   0x08013a38   0x00000030   Code   RO         8779    i.pktblock_alloc    pktbuf.o
    0x08013a68   0x08013a68   0x000000c8   Code   RO         8780    i.pktblock_alloc_list  pktbuf.o
    0x08013b30   0x08013b30   0x00000024   Code   RO         8781    i.pktblock_free     pktbuf.o
    0x08013b54   0x08013b54   0x00000024   Code   RO         8782    i.pktblock_free_list  pktbuf.o
    0x08013b78   0x08013b78   0x00000174   Code   RO         8783    i.pktbuf_add_header  pktbuf.o
    0x08013cec   0x08013cec   0x000000a8   Code   RO         8784    i.pktbuf_alloc      pktbuf.o
    0x08013d94   0x08013d94   0x00000008   Code   RO         8785    i.pktbuf_blk_next   pktbuf.o
    0x08013d9c   0x08013d9c   0x00000134   Code   RO         8786    i.pktbuf_checksum16  pktbuf.o
    0x08013ed0   0x08013ed0   0x00000108   Code   RO         8787    i.pktbuf_copy       pktbuf.o
    0x08013fd8   0x08013fd8   0x00000010   Code   RO         7434    i.pktbuf_data       arp.o
    0x08013fe8   0x08013fe8   0x00000010   Code   RO         7833    i.pktbuf_data       ether.o
    0x08013ff8   0x08013ff8   0x00000010   Code   RO         8038    i.pktbuf_data       icmpv4.o
    0x08014008   0x08014008   0x00000010   Code   RO         8228    i.pktbuf_data       ipv4.o
    0x08014018   0x08014018   0x00000010   Code   RO         8947    i.pktbuf_data       raw.o
    0x08014028   0x08014028   0x00000010   Code   RO         9621    i.pktbuf_data       tcp_in.o
    0x08014038   0x08014038   0x00000010   Code   RO         9699    i.pktbuf_data       tcp_out.o
    0x08014048   0x08014048   0x00000010   Code   RO        10108    i.pktbuf_data       udp.o
    0x08014058   0x08014058   0x000000e0   Code   RO         8788    i.pktbuf_fill       pktbuf.o
    0x08014138   0x08014138   0x00000008   Code   RO         8789    i.pktbuf_first_blk  pktbuf.o
    0x08014140   0x08014140   0x00000038   Code   RO         8790    i.pktbuf_free       pktbuf.o
    0x08014178   0x08014178   0x000000a4   Code   RO         8792    i.pktbuf_init       pktbuf.o
    0x0801421c   0x0801421c   0x00000064   Code   RO         8793    i.pktbuf_insert_blk_list  pktbuf.o
    0x08014280   0x08014280   0x000000f4   Code   RO         8794    i.pktbuf_join       pktbuf.o
    0x08014374   0x08014374   0x000000e4   Code   RO         8795    i.pktbuf_read       pktbuf.o
    0x08014458   0x08014458   0x000000b4   Code   RO         8796    i.pktbuf_remove_header  pktbuf.o
    0x0801450c   0x0801450c   0x00000020   Code   RO         8797    i.pktbuf_reset_acc  pktbuf.o
    0x0801452c   0x0801452c   0x0000018c   Code   RO         8798    i.pktbuf_resize     pktbuf.o
    0x080146b8   0x080146b8   0x000000bc   Code   RO         8799    i.pktbuf_seek       pktbuf.o
    0x08014774   0x08014774   0x00000180   Code   RO         8800    i.pktbuf_set_cont   pktbuf.o
    0x080148f4   0x080148f4   0x000000e4   Code   RO         8801    i.pktbuf_write      pktbuf.o
    0x080149d8   0x080149d8   0x0000002c   Code   RO        10882    i.process_request   httpd.o
    0x08014a04   0x08014a04   0x000000f6   Code   RO        11201    i.put_fat           ff.o
    0x08014afa   0x08014afa   0x0000002a   Code   RO         7148    i.queue_copy        os_queue.o
    0x08014b24   0x08014b24   0x0000004c   Code   RO         7149    i.queue_init        os_queue.o
    0x08014b70   0x08014b70   0x0000004c   Code   RO         7150    i.queue_read_out    os_queue.o
    0x08014bbc   0x08014bbc   0x00000088   Code   RO         7151    i.queue_write_in    os_queue.o
    0x08014c44   0x08014c44   0x00000004   Code   RO         8948    i.raw_bind          raw.o
    0x08014c48   0x08014c48   0x00000044   Code   RO         8949    i.raw_close         raw.o
    0x08014c8c   0x08014c8c   0x00000004   Code   RO         8950    i.raw_connect       raw.o
    0x08014c90   0x08014c90   0x000000f8   Code   RO         8951    i.raw_create        raw.o
    0x08014d88   0x08014d88   0x00000060   Code   RO         8952    i.raw_find          raw.o
    0x08014de8   0x08014de8   0x000000a8   Code   RO         8953    i.raw_in            raw.o
    0x08014e90   0x08014e90   0x0000007c   Code   RO         8954    i.raw_init          raw.o
    0x08014f0c   0x08014f0c   0x00000100   Code   RO         8955    i.raw_recvfrom      raw.o
    0x0801500c   0x0801500c   0x00000128   Code   RO         8956    i.raw_sendto        raw.o
    0x08015134   0x08015134   0x00000066   Code   RO        11203    i.remove_chain      ff.o
    0x0801519a   0x0801519a   0x00000002   PAD
    0x0801519c   0x0801519c   0x000000a8   Code   RO        10883    i.request_parese    httpd.o
    0x08015244   0x08015244   0x0000014c   Code   RO        11030    i.request_time      ntp.o
    0x08015390   0x08015390   0x00000008   Code   RO        10884    i.response_init     httpd.o
    0x08015398   0x08015398   0x00000040   Code   RO        10885    i.response_set_property  httpd.o
    0x080153d8   0x080153d8   0x0000002c   Code   RO        10886    i.response_set_start  httpd.o
    0x08015404   0x08015404   0x000000ac   Code   RO        10887    i.response_text     httpd.o
    0x080154b0   0x080154b0   0x000000c0   Code   RO         8229    i.rt_add            ipv4.o
    0x08015570   0x08015570   0x0000004c   Code   RO         8230    i.rt_find           ipv4.o
    0x080155bc   0x080155bc   0x00000024   Code   RO         8231    i.rt_init           ipv4.o
    0x080155e0   0x080155e0   0x00000098   Code   RO         8232    i.rt_remove         ipv4.o
    0x08015678   0x08015678   0x00000028   Code   RO         7242    i.sem_init          os_sem.o
    0x080156a0   0x080156a0   0x000000b0   Code   RO         9700    i.send_out          tcp_out.o
    0x08015750   0x08015750   0x00000012   Code   RO         8233    i.set_header_size   ipv4.o
    0x08015762   0x08015762   0x00000002   PAD
    0x08015764   0x08015764   0x00000060   Code   RO        10888    i.show_client_info  httpd.o
    0x080157c4   0x080157c4   0x000000dc   Code   RO        10763    i.show_cmd_list     tftp_client.o
    0x080158a0   0x080158a0   0x00000034   Code   RO        10889    i.show_request      httpd.o
    0x080158d4   0x080158d4   0x0000014c   Code   RO         9048    i.sock_accept_req_in  sock.o
    0x08015a20   0x08015a20   0x00000080   Code   RO         9049    i.sock_bind         sock.o
    0x08015aa0   0x08015aa0   0x00000070   Code   RO         9050    i.sock_bind_req_in  sock.o
    0x08015b10   0x08015b10   0x00000088   Code   RO         9051    i.sock_close_req_in  sock.o
    0x08015b98   0x08015b98   0x0000001e   Code   RO         9052    i.sock_connect      sock.o
    0x08015bb6   0x08015bb6   0x00000002   PAD
    0x08015bb8   0x08015bb8   0x00000088   Code   RO         9053    i.sock_connect_req_in  sock.o
    0x08015c40   0x08015c40   0x00000100   Code   RO         9054    i.sock_create_req_in  sock.o
    0x08015d40   0x08015d40   0x00000074   Code   RO         9055    i.sock_destroy_req_in  sock.o
    0x08015db4   0x08015db4   0x0000002e   Code   RO         9056    i.sock_init         sock.o
    0x08015de2   0x08015de2   0x00000002   PAD
    0x08015de4   0x08015de4   0x000000b4   Code   RO         9057    i.sock_listen_req_in  sock.o
    0x08015e98   0x08015e98   0x00000094   Code   RO         9058    i.sock_recv         sock.o
    0x08015f2c   0x08015f2c   0x0000008c   Code   RO         9059    i.sock_recv_req_in  sock.o
    0x08015fb8   0x08015fb8   0x000000d8   Code   RO         9060    i.sock_recvfrom_req_in  sock.o
    0x08016090   0x08016090   0x000000a0   Code   RO         9061    i.sock_send         sock.o
    0x08016130   0x08016130   0x00000090   Code   RO         9062    i.sock_send_req_in  sock.o
    0x080161c0   0x080161c0   0x000000d8   Code   RO         9063    i.sock_sendto_req_in  sock.o
    0x08016298   0x08016298   0x000000c4   Code   RO         9064    i.sock_setopt       sock.o
    0x0801635c   0x0801635c   0x00000070   Code   RO         9065    i.sock_setsockopt_req_in  sock.o
    0x080163cc   0x080163cc   0x00000026   Code   RO         9066    i.sock_uninit       sock.o
    0x080163f2   0x080163f2   0x0000000c   Code   RO         9067    i.sock_wait_add     sock.o
    0x080163fe   0x080163fe   0x0000000c   Code   RO         9068    i.sock_wait_destroy  sock.o
    0x0801640a   0x0801640a   0x0000001a   Code   RO         9069    i.sock_wait_enter   sock.o
    0x08016424   0x08016424   0x0000001a   Code   RO         9070    i.sock_wait_init    sock.o
    0x0801643e   0x0801643e   0x00000014   Code   RO         9071    i.sock_wait_leave   sock.o
    0x08016452   0x08016452   0x00000036   Code   RO         9072    i.sock_wakeup       sock.o
    0x08016488   0x08016488   0x00000024   Code   RO         9073    i.socket_alloc      sock.o
    0x080164ac   0x080164ac   0x00000008   Code   RO         9074    i.socket_free       sock.o
    0x080164b4   0x080164b4   0x00000014   Code   RO         9075    i.socket_init       sock.o
    0x080164c8   0x080164c8   0x00000010   Code   RO        11204    i.st_clust          ff.o
    0x080164d8   0x080164d8   0x0000001a   Code   RO        11205    i.sum_sfn           ff.o
    0x080164f2   0x080164f2   0x0000000a   Code   RO         7435    i.swap_u16          arp.o
    0x080164fc   0x080164fc   0x0000000a   Code   RO         7662    i.swap_u16          dns.o
    0x08016506   0x08016506   0x0000000a   Code   RO         8234    i.swap_u16          ipv4.o
    0x08016510   0x08016510   0x0000000a   Code   RO         9622    i.swap_u16          tcp_in.o
    0x0801651a   0x0801651a   0x0000000a   Code   RO         9701    i.swap_u16          tcp_out.o
    0x08016524   0x08016524   0x0000000a   Code   RO        10109    i.swap_u16          udp.o
    0x0801652e   0x0801652e   0x0000000a   Code   RO        10670    i.swap_u16          tftp.o
    0x08016538   0x08016538   0x00000018   Code   RO         9623    i.swap_u32          tcp_in.o
    0x08016550   0x08016550   0x00000018   Code   RO         9702    i.swap_u32          tcp_out.o
    0x08016568   0x08016568   0x00000018   Code   RO        11031    i.swap_u32          ntp.o
    0x08016580   0x08016580   0x000000b4   Code   RO        11206    i.sync_fs           ff.o
    0x08016634   0x08016634   0x00000052   Code   RO        11207    i.sync_window       ff.o
    0x08016686   0x08016686   0x00000004   Code   RO        10312    i.sys_intlocker_lock  sys_plat.o
    0x0801668a   0x0801668a   0x00000004   Code   RO        10313    i.sys_intlocker_unlock  sys_plat.o
    0x0801668e   0x0801668e   0x00000004   Code   RO        10314    i.sys_mutex_create  sys_plat.o
    0x08016692   0x08016692   0x00000004   Code   RO        10315    i.sys_mutex_free    sys_plat.o
    0x08016696   0x08016696   0x00000006   Code   RO        10316    i.sys_mutex_lock    sys_plat.o
    0x0801669c   0x0801669c   0x00000004   Code   RO        10317    i.sys_mutex_unlock  sys_plat.o
    0x080166a0   0x080166a0   0x00000008   Code   RO        10319    i.sys_sem_create    sys_plat.o
    0x080166a8   0x080166a8   0x00000004   Code   RO        10320    i.sys_sem_free      sys_plat.o
    0x080166ac   0x080166ac   0x00000004   Code   RO        10321    i.sys_sem_notify    sys_plat.o
    0x080166b0   0x080166b0   0x00000022   Code   RO        10322    i.sys_sem_wait      sys_plat.o
    0x080166d2   0x080166d2   0x00000004   Code   RO        10323    i.sys_sleep         sys_plat.o
    0x080166d6   0x080166d6   0x00000028   Code   RO        10324    i.sys_thread_create  sys_plat.o
    0x080166fe   0x080166fe   0x00000004   Code   RO        10325    i.sys_thread_exit   sys_plat.o
    0x08016702   0x08016702   0x00000004   Code   RO        10326    i.sys_thread_self   sys_plat.o
    0x08016706   0x08016706   0x0000000c   Code   RO        10327    i.sys_time_curr     sys_plat.o
    0x08016712   0x08016712   0x00000018   Code   RO        10328    i.sys_time_goes     sys_plat.o
    0x0801672a   0x0801672a   0x00000002   PAD
    0x0801672c   0x0801672c   0x00000014   Code   RO         6452    i.task_insert_os    os_core.o
    0x08016740   0x08016740   0x00000106   Code   RO         9703    i.tcp_ack_process   tcp_out.o
    0x08016846   0x08016846   0x00000002   PAD
    0x08016848   0x08016848   0x00000090   Code   RO         9704    i.tcp_begin_rto     tcp_out.o
    0x080168d8   0x080168d8   0x0000000e   Code   RO         9570    i.tcp_buf_init      tcp_buf.o
    0x080168e6   0x080168e6   0x00000038   Code   RO         9571    i.tcp_buf_read_rcv  tcp_buf.o
    0x0801691e   0x0801691e   0x00000002   PAD
    0x08016920   0x08016920   0x000000e8   Code   RO         9572    i.tcp_buf_read_send  tcp_buf.o
    0x08016a08   0x08016a08   0x00000022   Code   RO         9573    i.tcp_buf_remove    tcp_buf.o
    0x08016a2a   0x08016a2a   0x0000005a   Code   RO         9574    i.tcp_buf_write_rcv  tcp_buf.o
    0x08016a84   0x08016a84   0x0000002c   Code   RO         9575    i.tcp_buf_write_send  tcp_buf.o
    0x08016ab0   0x08016ab0   0x0000011c   Code   RO         9705    i.tcp_cal_rto       tcp_out.o
    0x08016bcc   0x08016bcc   0x00000034   Code   RO         9706    i.tcp_cal_snd_win   tcp_out.o
    0x08016c00   0x08016c00   0x00000118   Code   RO         9890    i.tcp_close_wait_in  tcp_state.o
    0x08016d18   0x08016d18   0x00000074   Code   RO         9891    i.tcp_closed_in     tcp_state.o
    0x08016d8c   0x08016d8c   0x00000134   Code   RO         9892    i.tcp_closing_in    tcp_state.o
    0x08016ec0   0x08016ec0   0x000000f4   Code   RO         9624    i.tcp_data_in       tcp_in.o
    0x08016fb4   0x08016fb4   0x00000060   Code   RO        11566    i.tcp_echo_server_start  tcp_echo_server.o
    0x08017014   0x08017014   0x00000160   Code   RO        11567    i.tcp_echo_server_thread  tcp_echo_server.o
    0x08017174   0x08017174   0x00000138   Code   RO         9893    i.tcp_established_in  tcp_state.o
    0x080172ac   0x080172ac   0x00000148   Code   RO         9894    i.tcp_fin_wait_1_in  tcp_state.o
    0x080173f4   0x080173f4   0x00000130   Code   RO         9895    i.tcp_fin_wait_2_in  tcp_state.o
    0x08017524   0x08017524   0x00000008   Code   RO         9625    i.tcp_hdr_size      tcp_in.o
    0x0801752c   0x0801752c   0x000002bc   Code   RO         9626    i.tcp_in            tcp_in.o
    0x080177e8   0x080177e8   0x00000124   Code   RO         9896    i.tcp_last_ack_in   tcp_state.o
    0x0801790c   0x0801790c   0x0000013c   Code   RO         9897    i.tcp_listen_in     tcp_state.o
    0x08017a48   0x08017a48   0x0000003c   Code   RO         9707    i.tcp_ostate_idle_in  tcp_out.o
    0x08017a84   0x08017a84   0x0000001c   Code   RO         9708    i.tcp_ostate_name   tcp_out.o
    0x08017aa0   0x08017aa0   0x0000004e   Code   RO         9709    i.tcp_ostate_persist_in  tcp_out.o
    0x08017aee   0x08017aee   0x00000002   PAD
    0x08017af0   0x08017af0   0x000000f4   Code   RO         9710    i.tcp_ostate_rexmit_in  tcp_out.o
    0x08017be4   0x08017be4   0x0000009e   Code   RO         9711    i.tcp_ostate_sending_in  tcp_out.o
    0x08017c82   0x08017c82   0x00000002   PAD
    0x08017c84   0x08017c84   0x0000006c   Code   RO         9712    i.tcp_out_event     tcp_out.o
    0x08017cf0   0x08017cf0   0x00000250   Code   RO         9713    i.tcp_out_timer_tmo  tcp_out.o
    0x08017f40   0x08017f40   0x0000004a   Code   RO         9898    i.tcp_read_options  tcp_state.o
    0x08017f8a   0x08017f8a   0x00000002   PAD
    0x08017f8c   0x08017f8c   0x0000019c   Code   RO         9714    i.tcp_retransmit    tcp_out.o
    0x08018128   0x08018128   0x0000004e   Code   RO         9627    i.tcp_seg_init      tcp_in.o
    0x08018176   0x08018176   0x00000002   PAD
    0x08018178   0x08018178   0x000000bc   Code   RO         9715    i.tcp_send_ack      tcp_out.o
    0x08018234   0x08018234   0x00000014   Code   RO         9716    i.tcp_send_fin      tcp_out.o
    0x08018248   0x08018248   0x000000a8   Code   RO         9717    i.tcp_send_keepalive  tcp_out.o
    0x080182f0   0x080182f0   0x000000e8   Code   RO         9718    i.tcp_send_reset    tcp_out.o
    0x080183d8   0x080183d8   0x000000ac   Code   RO         9719    i.tcp_send_reset_for_tcp  tcp_out.o
    0x08018484   0x08018484   0x00000014   Code   RO         9720    i.tcp_send_syn      tcp_out.o
    0x08018498   0x08018498   0x000000a8   Code   RO         9721    i.tcp_send_win_update  tcp_out.o
    0x08018540   0x08018540   0x00000080   Code   RO         9628    i.tcp_seq_acceptable  tcp_in.o
    0x080185c0   0x080185c0   0x00000012   Code   RO         9722    i.tcp_set_hdr_size  tcp_out.o
    0x080185d2   0x080185d2   0x00000002   PAD
    0x080185d4   0x080185d4   0x000000c4   Code   RO         9723    i.tcp_set_ostate    tcp_out.o
    0x08018698   0x08018698   0x00000006   Code   RO         9899    i.tcp_set_state     tcp_state.o
    0x0801869e   0x0801869e   0x0000000c   Code   RO         9900    i.tcp_snd_done      tcp_state.o
    0x080186aa   0x080186aa   0x00000002   PAD
    0x080186ac   0x080186ac   0x00000014   Code   RO         9901    i.tcp_state_name    tcp_state.o
    0x080186c0   0x080186c0   0x0000016c   Code   RO         9902    i.tcp_syn_recvd_in  tcp_state.o
    0x0801882c   0x0801882c   0x00000160   Code   RO         9903    i.tcp_syn_sent_in   tcp_state.o
    0x0801898c   0x0801898c   0x00000050   Code   RO         9904    i.tcp_time_wait     tcp_state.o
    0x080189dc   0x080189dc   0x00000114   Code   RO         9905    i.tcp_time_wait_in  tcp_state.o
    0x08018af0   0x08018af0   0x00000050   Code   RO         9906    i.tcp_timewait_tmo  tcp_state.o
    0x08018b40   0x08018b40   0x00000194   Code   RO         9724    i.tcp_transmit      tcp_out.o
    0x08018cd4   0x08018cd4   0x0000004c   Code   RO         9725    i.tcp_transmit_most  tcp_out.o
    0x08018d20   0x08018d20   0x0000002c   Code   RO         9726    i.tcp_write_sndbuf  tcp_out.o
    0x08018d4c   0x08018d4c   0x0000000c   Code   RO        10764    i.tftp_close        tftp_client.o
    0x08018d58   0x08018d58   0x00000014   Code   RO        10671    i.tftp_error_msg    tftp.o
    0x08018d6c   0x08018d6c   0x0000004c   Code   RO        10765    i.tftp_get          tftp_client.o
    0x08018db8   0x08018db8   0x000000a0   Code   RO        10766    i.tftp_open         tftp_client.o
    0x08018e58   0x08018e58   0x00000120   Code   RO        10672    i.tftp_parse_oack   tftp.o
    0x08018f78   0x08018f78   0x0000004c   Code   RO        10767    i.tftp_put          tftp_client.o
    0x08018fc4   0x08018fc4   0x00000044   Code   RO        10673    i.tftp_resend       tftp.o
    0x08019008   0x08019008   0x00000064   Code   RO        10674    i.tftp_send_ack     tftp.o
    0x0801906c   0x0801906c   0x0000006c   Code   RO        10675    i.tftp_send_data    tftp.o
    0x080190d8   0x080190d8   0x0000007c   Code   RO        10676    i.tftp_send_error   tftp.o
    0x08019154   0x08019154   0x00000074   Code   RO        10677    i.tftp_send_oack    tftp.o
    0x080191c8   0x080191c8   0x00000044   Code   RO        10678    i.tftp_send_packet  tftp.o
    0x0801920c   0x0801920c   0x000000dc   Code   RO        10679    i.tftp_send_request  tftp.o
    0x080192e8   0x080192e8   0x000000d8   Code   RO        10824    i.tftp_server_thread  tftp_server.o
    0x080193c0   0x080193c0   0x00000200   Code   RO        10768    i.tftp_start        tftp_client.o
    0x080195c0   0x080195c0   0x00000140   Code   RO        10680    i.tftp_wait_packet  tftp.o
    0x08019700   0x08019700   0x000000f8   Code   RO        10825    i.tftp_working_thread  tftp_server.o
    0x080197f8   0x080197f8   0x00000090   Code   RO        10826    i.tftpd_start       tftp_server.o
    0x08019888   0x08019888   0x00000060   Code   RO        10073    i.tools_init        tools.o
    0x080198e8   0x080198e8   0x000000bc   Code   RO         6377    i.uart_init         usart.o
    0x080199a4   0x080199a4   0x000000e4   Code   RO        10110    i.udp_bind          udp.o
    0x08019a88   0x08019a88   0x00000040   Code   RO        10111    i.udp_close         udp.o
    0x08019ac8   0x08019ac8   0x0000000a   Code   RO        10112    i.udp_connect       udp.o
    0x08019ad2   0x08019ad2   0x00000002   PAD
    0x08019ad4   0x08019ad4   0x000000f8   Code   RO        10113    i.udp_create        udp.o
    0x08019bcc   0x08019bcc   0x0000013c   Code   RO        11592    i.udp_echo_server   udp_echo_server.o
    0x08019d08   0x08019d08   0x00000058   Code   RO        11593    i.udp_echo_server_start  udp_echo_server.o
    0x08019d60   0x08019d60   0x0000006c   Code   RO        10114    i.udp_find          udp.o
    0x08019dcc   0x08019dcc   0x0000022c   Code   RO        10115    i.udp_in            udp.o
    0x08019ff8   0x08019ff8   0x00000084   Code   RO        10116    i.udp_init          udp.o
    0x0801a07c   0x0801a07c   0x00000140   Code   RO        10117    i.udp_out           udp.o
    0x0801a1bc   0x0801a1bc   0x00000120   Code   RO        10118    i.udp_recvfrom      udp.o
    0x0801a2dc   0x0801a2dc   0x00000170   Code   RO        10119    i.udp_sendto        udp.o
    0x0801a44c   0x0801a44c   0x0000001c   Code   RO        11208    i.unlock_fs         ff.o
    0x0801a468   0x0801a468   0x00000018   Code   RO         6378    i.usart_read        usart.o
    0x0801a480   0x0801a480   0x00000020   Code   RO         6379    i.usart_write       usart.o
    0x0801a4a0   0x0801a4a0   0x000000d0   Code   RO        10890    i.valid_request     httpd.o
    0x0801a570   0x0801a570   0x0000003a   Code   RO        11209    i.validate          ff.o
    0x0801a5aa   0x0801a5aa   0x00000002   PAD
    0x0801a5ac   0x0801a5ac   0x000001f0   Code   RO        10827    i.wait_for_req      tftp_server.o
    0x0801a79c   0x0801a79c   0x000000cc   Code   RO         7908    i.work_thread       exmsg.o
    0x0801a868   0x0801a868   0x00000084   Code   RO        10681    i.write_option      tftp.o
    0x0801a8ec   0x0801a8ec   0x0000008c   Code   RO         9727    i.write_sync_option  tcp_out.o
    0x0801a978   0x0801a978   0x0000010c   Code   RO         9249    i.x_accept          socket.o
    0x0801aa84   0x0801aa84   0x000000c4   Code   RO         9250    i.x_bind            socket.o
    0x0801ab48   0x0801ab48   0x00000098   Code   RO         9251    i.x_close           socket.o
    0x0801abe0   0x0801abe0   0x00000138   Code   RO         9252    i.x_connect         socket.o
    0x0801ad18   0x0801ad18   0x00000228   Code   RO         9253    i.x_gethostbyname_r  socket.o
    0x0801af40   0x0801af40   0x00000016   Code   RO         8530    i.x_inet_addr       netapi.o
    0x0801af56   0x0801af56   0x00000002   PAD
    0x0801af58   0x0801af58   0x00000034   Code   RO         8531    i.x_inet_ntoa       netapi.o
    0x0801af8c   0x0801af8c   0x00000050   Code   RO         8532    i.x_inet_ntop       netapi.o
    0x0801afdc   0x0801afdc   0x00000060   Code   RO         9254    i.x_listen          socket.o
    0x0801b03c   0x0801b03c   0x00000006   Code   RO         9255    i.x_read            socket.o
    0x0801b042   0x0801b042   0x00000002   PAD
    0x0801b044   0x0801b044   0x000000e4   Code   RO         9256    i.x_recv            socket.o
    0x0801b128   0x0801b128   0x00000130   Code   RO         9257    i.x_recvfrom        socket.o
    0x0801b258   0x0801b258   0x000000c8   Code   RO         9258    i.x_send            socket.o
    0x0801b320   0x0801b320   0x00000134   Code   RO         9259    i.x_sendto          socket.o
    0x0801b454   0x0801b454   0x0000009c   Code   RO         9260    i.x_setsockopt      socket.o
    0x0801b4f0   0x0801b4f0   0x00000074   Code   RO         9261    i.x_socket          socket.o
    0x0801b564   0x0801b564   0x00000006   Code   RO         9262    i.x_write           socket.o
    0x0801b56a   0x0801b56a   0x00000002   PAD
    0x0801b56c   0x0801b56c   0x0000002c   Code   RO        12268    locale$$code        c_w.l(lc_ctype_c.o)
    0x0801b598   0x0801b598   0x0000002c   Code   RO        12377    locale$$code        c_w.l(lc_numeric_c.o)
    0x0801b5c4   0x0801b5c4   0x00000062   Code   RO        12443    x$fpl$d2f           fz_ws.l(d2f.o)
    0x0801b626   0x0801b626   0x00000002   PAD
    0x0801b628   0x0801b628   0x00000010   Code   RO        12501    x$fpl$dcheck1       fz_ws.l(dcheck1.o)
    0x0801b638   0x0801b638   0x00000018   Code   RO        12466    x$fpl$dcmpinf       fz_ws.l(dcmpi.o)
    0x0801b650   0x0801b650   0x00000078   Code   RO        12445    x$fpl$deqf          fz_ws.l(deqf.o)
    0x0801b6c8   0x0801b6c8   0x0000005a   Code   RO        11977    x$fpl$dfixu         fz_ws.l(dfixu.o)
    0x0801b722   0x0801b722   0x00000026   Code   RO        11981    x$fpl$dfltu         fz_ws.l(dflt_clz.o)
    0x0801b748   0x0801b748   0x00000078   Code   RO        12468    x$fpl$dleqf         fz_ws.l(dleqf.o)
    0x0801b7c0   0x0801b7c0   0x00000154   Code   RO        11987    x$fpl$dmul          fz_ws.l(dmul.o)
    0x0801b914   0x0801b914   0x0000009c   Code   RO        12174    x$fpl$dnaninf       fz_ws.l(dnaninf.o)
    0x0801b9b0   0x0801b9b0   0x0000000c   Code   RO        12176    x$fpl$dretinf       fz_ws.l(dretinf.o)
    0x0801b9bc   0x0801b9bc   0x0000006c   Code   RO        12447    x$fpl$drleqf        fz_ws.l(drleqf.o)
    0x0801ba28   0x0801ba28   0x0000000a   Code   RO        12470    x$fpl$fretinf       fz_ws.l(fretinf.o)
    0x0801ba32   0x0801ba32   0x00000006   Code   RO        12403    x$fpl$ieeestatus    fz_ws.l(istatus.o)
    0x0801ba38   0x0801ba38   0x00000004   Code   RO        12180    x$fpl$printf1       fz_ws.l(printf1.o)
    0x0801ba3c   0x0801ba3c   0x00000004   Code   RO        12182    x$fpl$printf2       fz_ws.l(printf2.o)
    0x0801ba40   0x0801ba40   0x00000064   Code   RO        12518    x$fpl$retnan        fz_ws.l(retnan.o)
    0x0801baa4   0x0801baa4   0x0000005c   Code   RO        12472    x$fpl$scalbn        fz_ws.l(scalbn.o)
    0x0801bb00   0x0801bb00   0x00000004   Code   RO        12188    x$fpl$scanf1        fz_ws.l(scanf1.o)
    0x0801bb04   0x0801bb04   0x00000008   Code   RO        12405    x$fpl$scanf2        fz_ws.l(scanf2.o)
    0x0801bb0c   0x0801bb0c   0x00000030   Code   RO        12520    x$fpl$trapveneer    fz_ws.l(trapv.o)
    0x0801bb3c   0x0801bb3c   0x00000000   Code   RO        12190    x$fpl$usenofp       fz_ws.l(usenofp.o)
    0x0801bb3c   0x0801bb3c   0x00000100   Data   RO         6454    .constdata          os_core.o
    0x0801bc3c   0x0801bc3c   0x0000000c   Data   RO         6993    .constdata          os_plat.o
    0x0801bc48   0x0801bc48   0x0000009c   Data   RO         7437    .constdata          arp.o
    0x0801bce4   0x0801bce4   0x00000072   Data   RO         7664    .constdata          dns.o
    0x0801bd56   0x0801bd56   0x00000002   PAD
    0x0801bd58   0x0801bd58   0x00000047   Data   RO         7834    .constdata          ether.o
    0x0801bd9f   0x0801bd9f   0x0000004a   Data   RO         7910    .constdata          exmsg.o
    0x0801bde9   0x0801bde9   0x0000000a   Data   RO         7990    .constdata          fixq.o
    0x0801bdf3   0x0801bdf3   0x00000033   Data   RO         8039    .constdata          icmpv4.o
    0x0801be26   0x0801be26   0x0000007a   Data   RO         8236    .constdata          ipv4.o
    0x0801bea0   0x0801bea0   0x00000020   Data   RO         8407    .constdata          loop.o
    0x0801bec0   0x0801bec0   0x0000000c   Data   RO         8441    .constdata          mblock.o
    0x0801becc   0x0801becc   0x00000013   Data   RO         8485    .constdata          net.o
    0x0801bedf   0x0801bedf   0x0000009b   Data   RO         8588    .constdata          netif.o
    0x0801bf7a   0x0801bf7a   0x000000cd   Data   RO         8803    .constdata          pktbuf.o
    0x0801c047   0x0801c047   0x00000001   PAD
    0x0801c048   0x0801c048   0x00000060   Data   RO         8958    .constdata          raw.o
    0x0801c0a8   0x0801c0a8   0x0000012f   Data   RO         9077    .constdata          sock.o
    0x0801c1d7   0x0801c1d7   0x00000075   Data   RO         9263    .constdata          socket.o
    0x0801c24c   0x0801c24c   0x00000012   Data   RO         9576    .constdata          tcp_buf.o
    0x0801c25e   0x0801c25e   0x00000002   PAD
    0x0801c260   0x0801c260   0x00000058   Data   RO         9629    .constdata          tcp_in.o
    0x0801c2b8   0x0801c2b8   0x000000fe   Data   RO         9728    .constdata          tcp_out.o
    0x0801c3b6   0x0801c3b6   0x000000c7   Data   RO         9907    .constdata          tcp_state.o
    0x0801c47d   0x0801c47d   0x00000042   Data   RO        10023    .constdata          timer.o
    0x0801c4bf   0x0801c4bf   0x0000000b   Data   RO        10074    .constdata          tools.o
    0x0801c4ca   0x0801c4ca   0x00000002   PAD
    0x0801c4cc   0x0801c4cc   0x0000007a   Data   RO        10121    .constdata          udp.o
    0x0801c546   0x0801c546   0x0000000e   Data   RO        10223    .constdata          net_plat.o
    0x0801c554   0x0801c554   0x00000094   Data   RO        10245    .constdata          netif_disc.o
    0x0801c5e8   0x0801c5e8   0x0000000e   Data   RO        10430    .constdata          test_net.o
    0x0801c5f6   0x0801c5f6   0x00000006   Data   RO        10431    .constdata          test_net.o
    0x0801c5fc   0x0801c5fc   0x00000294   Data   RO        10892    .constdata          httpd.o
    0x0801c890   0x0801c890   0x0000000c   Data   RO        11032    .constdata          ntp.o
    0x0801c89c   0x0801c89c   0x0000003a   Data   RO        11210    .constdata          ff.o
    0x0801c8d6   0x0801c8d6   0x0002acc8   Data   RO        11498    .constdata          cc936.o
    0x0804759e   0x0804759e   0x00000002   PAD
    0x080475a0   0x080475a0   0x00000018   Data   RO        11641    .constdata          eventrecorder.o
    0x080475b8   0x080475b8   0x00000028   Data   RO        11856    .constdata          c_w.l(_printf_hex_int_ll_ptr.o)
    0x080475e0   0x080475e0   0x00000011   Data   RO        11876    .constdata          c_w.l(__printf_flags_ss_wp.o)
    0x080475f1   0x080475f1   0x00000003   PAD
    0x080475f4   0x080475f4   0x00000008   Data   RO        12051    .constdata          c_w.l(_printf_wctomb.o)
    0x080475fc   0x080475fc   0x00000026   Data   RO        12235    .constdata          c_w.l(_printf_fp_hex.o)
    0x08047622   0x08047622   0x0000000c   Data   RO        12282    .constdata          c_w.l(_monlen.o)
    0x0804762e   0x0804762e   0x00000002   PAD
    0x08047630   0x08047630   0x00000094   Data   RO        12330    .constdata          c_w.l(bigflt0.o)
    0x080476c4   0x080476c4   0x0000002b   Data   RO         7613    .conststring        dbg.o
    0x080476ef   0x080476ef   0x00000001   PAD
    0x080476f0   0x080476f0   0x0000005d   Data   RO         8804    .conststring        pktbuf.o
    0x0804774d   0x0804774d   0x00000003   PAD
    0x08047750   0x08047750   0x00000068   Data   RO         9729    .conststring        tcp_out.o
    0x080477b8   0x080477b8   0x00000085   Data   RO         9908    .conststring        tcp_state.o
    0x0804783d   0x0804783d   0x00000003   PAD
    0x08047840   0x08047840   0x000000c7   Data   RO        10682    .conststring        tftp.o
    0x08047907   0x08047907   0x00000001   PAD
    0x08047908   0x08047908   0x000000c9   Data   RO        10893    .conststring        httpd.o
    0x080479d1   0x080479d1   0x00000003   PAD
    0x080479d4   0x080479d4   0x0000002d   Data   RO        11033    .conststring        ntp.o
    0x08047a01   0x08047a01   0x00000003   PAD
    0x08047a04   0x08047a04   0x00000040   Data   RO        12522    Region$$Table       anon$$obj.o
    0x08047a44   0x08047a44   0x00000008   Data   RO        12399    c$$dinf             fz_ws.l(fpconst.o)
    0x08047a4c   0x08047a4c   0x00000008   Data   RO        12402    c$$dmax             fz_ws.l(fpconst.o)
    0x08047a54   0x08047a54   0x00000110   Data   RO        12267    locale$$data        c_w.l(lc_ctype_c.o)
    0x08047b64   0x08047b64   0x0000001c   Data   RO        12376    locale$$data        c_w.l(lc_numeric_c.o)


    Execution Region RW_IRAM2 (Exec base: 0x10000000, Load base: 0x08047b80, Size: 0x00010000, Max: 0x00010000, ABSOLUTE)

    Exec Addr    Load Addr    Size         Type   Attr      Idx    E Section Name        Object

    0x10000000        -       0x0000f000   Zero   RW         1058    HEAP                startup_stm32f40_41xxx.o
    0x1000f000        -       0x00001000   Zero   RW         1057    STACK               startup_stm32f40_41xxx.o


    Execution Region RW_IRAM1 (Exec base: 0x20000000, Load base: 0x08047b80, Size: 0x0001e7a4, Max: 0x00020000, ABSOLUTE, COMPRESSED[0x00000098])

    Exec Addr    Load Addr    Size         Type   Attr      Idx    E Section Name        Object

    0x20000000   0x08047b80   0x0000000a   Ven    RO        12542    Veneer$$Code        anon$$obj.o
    0x2000000a   0x08047b8a   0x0000000a   Ven    RO        12543    Veneer$$Code        anon$$obj.o
    0x20000014   0x08047b94   0x0000000a   Ven    RO        12544    Veneer$$Code        anon$$obj.o
    0x2000001e   0x08047b9e   0x0000000a   Ven    RO        12545    Veneer$$Code        anon$$obj.o
    0x20000028   0x08047ba8   0x0000000a   Ven    RO        12546    Veneer$$Code        anon$$obj.o
    0x20000032   0x08047bb2   0x0000000a   Ven    RO        12547    Veneer$$Code        anon$$obj.o
    0x2000003c   0x08047bbc   0x0000000a   Ven    RO        12548    Veneer$$Code        anon$$obj.o
    0x20000046   0x08047bc6   0x0000000a   Ven    RO        12549    Veneer$$Code        anon$$obj.o
    0x20000050   0x08047bd0   0x0000000a   Ven    RO        12550    Veneer$$Code        anon$$obj.o
    0x2000005a   0x08047bda   0x0000000a   Ven    RO        12551    Veneer$$Code        anon$$obj.o
    0x20000064   0x08047be4   0x0000000a   Ven    RO        12552    Veneer$$Code        anon$$obj.o
    0x2000006e   0x08047bee   0x0000000a   Ven    RO        12553    Veneer$$Code        anon$$obj.o
    0x20000078   0x08047bf8   0x0000000a   Ven    RO        12554    Veneer$$Code        anon$$obj.o
    0x20000082   0x08047c02   0x0000000a   Ven    RO        12555    Veneer$$Code        anon$$obj.o
    0x2000008c   0x08047c0c   0x0000000a   Ven    RO        12556    Veneer$$Code        anon$$obj.o
    0x20000096   0x08047c16   0x0000000a   Ven    RO        12557    Veneer$$Code        anon$$obj.o
    0x200000a0   0x08047c20   0x0000000a   Ven    RO        12558    Veneer$$Code        anon$$obj.o
    0x200000aa   0x08047c2a   0x0000000a   Ven    RO        12559    Veneer$$Code        anon$$obj.o
    0x200000b4   0x08047c34   0x0000000a   Ven    RO        12560    Veneer$$Code        anon$$obj.o
    0x200000be   0x08047c3e   0x0000000a   Ven    RO        12561    Veneer$$Code        anon$$obj.o
    0x200000c8   0x08047c48   0x0000000a   Ven    RO        12562    Veneer$$Code        anon$$obj.o
    0x200000d2   0x08047c52   0x0000000a   Ven    RO        12563    Veneer$$Code        anon$$obj.o
    0x200000dc   0x08047c5c   0x0000000a   Ven    RO        12564    Veneer$$Code        anon$$obj.o
    0x200000e6   0x08047c66   0x0000000a   Ven    RO        12565    Veneer$$Code        anon$$obj.o
    0x200000f0   0x08047c70   0x0000000a   Ven    RO        12566    Veneer$$Code        anon$$obj.o
    0x200000fa   0x08047c7a   0x0000000a   Ven    RO        12567    Veneer$$Code        anon$$obj.o
    0x20000104   0x08047c84   0x0000000a   Ven    RO        12568    Veneer$$Code        anon$$obj.o
    0x2000010e   0x08047c8e   0x0000000a   Ven    RO        12569    Veneer$$Code        anon$$obj.o
    0x20000118   0x08047c98   0x0000000a   Ven    RO        12570    Veneer$$Code        anon$$obj.o
    0x20000122   0x08047ca2   0x0000000a   Ven    RO        12571    Veneer$$Code        anon$$obj.o
    0x2000012c   0x08047cac   0x0000000a   Ven    RO        12572    Veneer$$Code        anon$$obj.o
    0x20000136   0x08047cb6   0x0000000a   Ven    RO        12573    Veneer$$Code        anon$$obj.o
    0x20000140   0x08047cc0   0x0000000a   Ven    RO        12574    Veneer$$Code        anon$$obj.o
    0x2000014a   0x08047cca   0x0000000a   Ven    RO        12575    Veneer$$Code        anon$$obj.o
    0x20000154   0x08047cd4   0x00000088   Code   RO         9353    i.keepalive_start_timer  tcp.o
    0x200001dc   0x08047d5c   0x00000032   Code   RO         9354    i.tcp_abort         tcp.o
    0x2000020e   COMPRESSED   0x00000002   PAD
    0x20000210   0x08047d90   0x00000078   Code   RO         9355    i.tcp_accept        tcp.o
    0x20000288   0x08047e08   0x000001c4   Code   RO         9356    i.tcp_alloc         tcp.o
    0x2000044c   0x08047fcc   0x00000054   Code   RO         9357    i.tcp_alloc_port    tcp.o
    0x200004a0   0x08048020   0x0000002c   Code   RO         9358    i.tcp_backlog_count  tcp.o
    0x200004cc   0x0804804c   0x000001ec   Code   RO         9359    i.tcp_bind          tcp.o
    0x200006b8   0x08048238   0x0000002c   Code   RO         9360    i.tcp_clear_parent  tcp.o
    0x200006e4   0x08048264   0x00000154   Code   RO         9361    i.tcp_close         tcp.o
    0x20000838   0x080483b8   0x00000054   Code   RO         9362    i.tcp_conn_exist    tcp.o
    0x2000088c   0x0804840c   0x000001c4   Code   RO         9363    i.tcp_connect       tcp.o
    0x20000a50   0x080485d0   0x00000060   Code   RO         9364    i.tcp_create        tcp.o
    0x20000ab0   0x08048630   0x000000c4   Code   RO         9365    i.tcp_create_child  tcp.o
    0x20000b74   0x080486f4   0x0000000e   Code   RO         9366    i.tcp_destory       tcp.o
    0x20000b82   COMPRESSED   0x00000002   PAD
    0x20000b84   0x08048704   0x0000007c   Code   RO         9367    i.tcp_find          tcp.o
    0x20000c00   0x08048780   0x000000b4   Code   RO         9368    i.tcp_free          tcp.o
    0x20000cb4   0x08048834   0x00000006   Code   RO         9369    i.tcp_free_tmo      tcp.o
    0x20000cba   COMPRESSED   0x00000002   PAD
    0x20000cbc   0x0804883c   0x00000054   Code   RO         9370    i.tcp_get_free      tcp.o
    0x20000d10   0x08048890   0x0000001c   Code   RO         9371    i.tcp_get_iss       tcp.o
    0x20000d2c   0x080488ac   0x00000084   Code   RO         9372    i.tcp_init          tcp.o
    0x20000db0   0x08048930   0x00000070   Code   RO         9373    i.tcp_init_connect  tcp.o
    0x20000e20   0x080489a0   0x00000080   Code   RO         9374    i.tcp_insert        tcp.o
    0x20000ea0   0x08048a20   0x00000020   Code   RO         9375    i.tcp_keepalive_restart  tcp.o
    0x20000ec0   0x08048a40   0x00000070   Code   RO         9376    i.tcp_keepalive_start  tcp.o
    0x20000f30   0x08048ab0   0x000000dc   Code   RO         9377    i.tcp_keepalive_tmo  tcp.o
    0x2000100c   0x08048b8c   0x0000001a   Code   RO         9378    i.tcp_kill_all_timers  tcp.o
    0x20001026   COMPRESSED   0x00000002   PAD
    0x20001028   0x08048ba8   0x000000ac   Code   RO         9379    i.tcp_listen        tcp.o
    0x200010d4   0x08048c54   0x00000022   Code   RO         9380    i.tcp_rcv_window    tcp.o
    0x200010f6   COMPRESSED   0x00000002   PAD
    0x200010f8   0x08048c78   0x00000140   Code   RO         9381    i.tcp_recv          tcp.o
    0x20001238   0x08048db8   0x00000128   Code   RO         9382    i.tcp_send          tcp.o
    0x20001360   0x08048ee0   0x00000040   Code   RO         9383    i.tcp_set_delayed_free  tcp.o
    0x200013a0   0x08048f20   0x00000138   Code   RO         9384    i.tcp_setopt        tcp.o
    0x200014d8   0x08049058   0x000000f3   Data   RO         9386    .constdata          tcp.o
    0x200015cb   COMPRESSED   0x00000001   PAD
    0x200015cc   COMPRESSED   0x00000014   Data   RW          172    .data               system_stm32f4xx.o
    0x200015e0   COMPRESSED   0x00000010   Data   RW          523    .data               lan8720.o
    0x200015f0   COMPRESSED   0x00000010   Data   RW          877    .data               sdio_sdcard.o
    0x20001600   COMPRESSED   0x00000010   Data   RW         1261    .data               stm32f4xx_rcc.o
    0x20001610   COMPRESSED   0x0000000c   Data   RW         2433    .data               stm32f4x7_eth.o
    0x2000161c   COMPRESSED   0x00000004   Data   RW         6322    .data               delay.o
    0x20001620   COMPRESSED   0x00000004   Data   RW         6382    .data               usart.o
    0x20001624   COMPRESSED   0x00000004   Data   RW         6996    .data               os_plat.o
    0x20001628   COMPRESSED   0x00000010   Data   RW         7614    .data               dbg.o
    0x20001638   COMPRESSED   0x00000008   Data   RW         7665    .data               dns.o
    0x20001640   COMPRESSED   0x00000004   Data   RW         7911    .data               exmsg.o
    0x20001644   COMPRESSED   0x00000008   Data   RW         8121    .data               ipaddr.o
    0x2000164c   COMPRESSED   0x00000002   Data   RW         8237    .data               ipv4.o
    0x2000164e   COMPRESSED   0x00000002   PAD
    0x20001650   COMPRESSED   0x00000004   Data   RW         8589    .data               netif.o
    0x20001654   COMPRESSED   0x00000008   Data   RW         8805    .data               pktbuf.o
    0x2000165c   COMPRESSED   0x00000008   Data   RW         9387    .data               tcp.o
    0x20001664   COMPRESSED   0x00000020   Data   RW         9730    .data               tcp_out.o
    0x20001684   COMPRESSED   0x00000034   Data   RW         9909    .data               tcp_state.o
    0x200016b8   COMPRESSED   0x00000004   Data   RW        10122    .data               udp.o
    0x200016bc   COMPRESSED   0x00000004   Data   RW        10246    .data               netif_disc.o
    0x200016c0   COMPRESSED   0x00000004   Data   RW        10432    .data               test_net.o
    0x200016c4   COMPRESSED   0x00000028   Data   RW        10683    .data               tftp.o
    0x200016ec   COMPRESSED   0x00000008   Data   RW        10829    .data               tftp_server.o
    0x200016f4   COMPRESSED   0x00000018   Data   RW        10894    .data               httpd.o
    0x2000170c   COMPRESSED   0x00000002   Data   RW        11006    .data               ping.o
    0x2000170e   COMPRESSED   0x00000002   Data   RW        11086    .data               diskio.o
    0x20001710   COMPRESSED   0x00000008   Data   RW        11211    .data               ff.o
    0x20001718   COMPRESSED   0x00000004   Data   RW        11533    .data               ff_system.o
    0x2000171c   COMPRESSED   0x00000004   Data   RW        11568    .data               tcp_echo_server.o
    0x20001720   COMPRESSED   0x00000002   Data   RW        11594    .data               udp_echo_server.o
    0x20001722   COMPRESSED   0x00000002   PAD
    0x20001724   COMPRESSED   0x00000004   Data   RW        11912    .data               c_w.l(stdio_streams.o)
    0x20001728   COMPRESSED   0x00000004   Data   RW        11913    .data               c_w.l(stdio_streams.o)
    0x2000172c   COMPRESSED   0x00000004   Data   RW        11914    .data               c_w.l(stdio_streams.o)
    0x20001730   COMPRESSED   0x00000004   Data   RW        11930    .data               c_w.l(strtok.o)
    0x20001734   COMPRESSED   0x00000004   Data   RW        12110    .data               c_w.l(streamlock.o)
    0x20001738        -       0x0000000e   Zero   RW          322    .bss                lcd.o
    0x20001746   COMPRESSED   0x00000002   PAD
    0x20001748        -       0x000030a0   Zero   RW          522    .bss                lan8720.o
    0x200047e8        -       0x000002c0   Zero   RW          876    .bss                sdio_sdcard.o
    0x20004aa8        -       0x0000000c   Zero   RW         2432    .bss                stm32f4x7_eth.o
    0x20004ab4        -       0x0000099c   Zero   RW         6453    .bss                os_core.o
    0x20005450        -       0x000000f0   Zero   RW         6992    .bss                os_plat.o
    0x20005540        -       0x00000130   Zero   RW         7436    .bss                arp.o
    0x20005670        -       0x00000080   Zero   RW         7612    .bss                dbg.o
    0x200056f0        -       0x000002bc   Zero   RW         7663    .bss                dns.o
    0x200059ac        -       0x000000b8   Zero   RW         7909    .bss                exmsg.o
    0x20005a64        -       0x0000039c   Zero   RW         8235    .bss                ipv4.o
    0x20005e00        -       0x00000010   Zero   RW         8534    .bss                netapi.o
    0x20005e10        -       0x000001f4   Zero   RW         8587    .bss                netif.o
    0x20006004        -       0x00006f28   Zero   RW         8802    .bss                pktbuf.o
    0x2000cf2c        -       0x00000080   Zero   RW         8957    .bss                raw.o
    0x2000cfac        -       0x00000070   Zero   RW         9076    .bss                sock.o
    0x2000d01c        -       0x0000adf8   Zero   RW         9385    .bss                tcp.o
    0x20017e14        -       0x0000000c   Zero   RW        10022    .bss                timer.o
    0x20017e20        -       0x000001e0   Zero   RW        10120    .bss                udp.o
    0x20018000        -       0x000006a0   Zero   RW        10429    .bss                test_net.o
    0x200186a0        -       0x00002030   Zero   RW        10769    .bss                tftp_client.o
    0x2001a6d0        -       0x00002030   Zero   RW        10828    .bss                tftp_server.o
    0x2001c700        -       0x00001848   Zero   RW        10891    .bss                httpd.o
    0x2001df48        -       0x00000200   Zero   RW        11005    .bss                ping.o
    0x2001e148        -       0x00000054   Zero   RW        11909    .bss                c_w.l(stdio_streams.o)
    0x2001e19c        -       0x00000054   Zero   RW        11910    .bss                c_w.l(stdio_streams.o)
    0x2001e1f0        -       0x00000054   Zero   RW        11911    .bss                c_w.l(stdio_streams.o)
    0x2001e244        -       0x0000002c   Zero   RW        11957    .bss                c_w.l(localtime.o)
    0x2001e270        -       0x00000060   Zero   RW        12194    .bss                c_w.l(libspace.o)
    0x2001e2d0   COMPRESSED   0x00000030   PAD
    0x2001e300        -       0x000004a4   Zero   RW        11640    .bss.noinit         eventrecorder.o


==============================================================================

Image component sizes


      Code (inc. data)   RO Data    RW Data    ZI Data      Debug   Object Name

      3420       1114        156          0        304      28523   arp.o
       132         20     175304          0          0       2519   cc936.o
       120         34         43         16        128        832   dbg.o
       200         18          0          4          0       2303   delay.o
       296          8          0          2          0       6568   diskio.o
      3714       1080        114          8        700      30176   dns.o
      1296        460         71          0          0      10151   ether.o
         0          0         24          0       1188       4180   eventrecorder.o
      1304        502         74          4        184      11605   exmsg.o
      6730         58         58          8          0      38411   ff.o
        64          4          0          4          0       2671   ff_system.o
       518         66         10          0          0       3780   fixq.o
      2580        946        861         24       6216      19786   httpd.o
      1136        392         51          0          0       9867   icmpv4.o
       428          4          0          8          0       9264   ipaddr.o
      4372       1298        122          2        924      26994   ipv4.o
         0          0          0          0          0     229192   key.o
       540         52          0         16      12448      43961   lan8720.o
     11200        122          0          0         14      14212   lcd.o
       348        134         32          0          0       2776   loop.o
       374        104         12          0          0       4671   mblock.o
       152         16          0          0          0       2317   misc.o
       200         80         19          0          0       2555   net.o
       100         54         14          0          0        492   net_plat.o
       154         30          0          0         16       7250   netapi.o
      1942        682        155          4        500      16769   netif.o
       496         42        148          4          0       8365   netif_disc.o
       220          0          0          0          0       4458   nlist.o
        88          0          0          0          0       2477   nlocker.o
       500        196         57          0          0       7842   ntp.o
      1172        116        256          0       2460      11439   os_core.o
       532          0          0          0          0       6884   os_event.o
       322          0          0          0          0       5585   os_list.o
        10          0          0          0          0       1263   os_mem.o
       548          0          0          0          0       5251   os_mutex.o
       724         40         12          4        240      43665   os_plat.o
        32          0          0          0          0        328   os_plat_s.o
       674          0          0          0          0       6193   os_queue.o
       334          0          0          0          0       4521   os_sem.o
       326          0          0          0          0       3995   os_task.o
         2          0          0          0          0        401   os_timer.o
       764        254          0          2        512       3763   ping.o
      3960       1260        298          8      28456      22852   pktbuf.o
      1298        378         96          0        128      18790   raw.o
       108         16          0          0          0        965   rtc.o
      6392        266          0         16        704      35389   sdio_sdcard.o
      3084       1076        303          0        112      26925   sock.o
      2900        964        117          0          0      18168   socket.o
        64         26        392          0      65536        784   startup_stm32f40_41xxx.o
      1672        164          0         12         12      16186   stm32f4x7_eth.o
       446         26          0          0          0       4760   stm32f4xx_dma.o
        12          6          0          0          0        533   stm32f4xx_exti.o
       238          6          0          0          0       2069   stm32f4xx_fsmc.o
       156          0          0          0          0       1951   stm32f4xx_gpio.o
        14          0          0          0          0      65379   stm32f4xx_it.o
       300         42          0         16          0       6217   stm32f4xx_rcc.o
        56         14          0          0          0       1168   stm32f4xx_rtc.o
       192         36          0          0          0       5993   stm32f4xx_sdio.o
        12          6          0          0          0        570   stm32f4xx_syscfg.o
       338          8          0          0          0       4742   stm32f4xx_usart.o
        16          0          0          0          0        440   sys.o
       164          0          0          0          0       8044   sys_plat.o
       396         46          0         20          0       2437   system_stm32f4xx.o
      4986       1640        243          8      44536      32246   tcp.o
       470        100         18          0          0       5116   tcp_buf.o
       448        212          0          4          0       1888   tcp_echo_server.o
      1668        378         88          0          0      15706   tcp_in.o
      4764        996        358         32          0      29486   tcp_out.o
      3520       1056        332         52          0      21307   tcp_state.o
       568        230         20          4       1696       7519   test_net.o
      1574        522        199         40          0      14463   tftp.o
      2612       1274          0          0       8240       9107   tftp_client.o
      2240        906          0          8       8240       7782   tftp_server.o
       736        230         66          0         12       7172   timer.o
       290         46         11          0          0       3198   tools.o
      2566        732        122          4        480      18820   udp.o
       404        168          0          2          0       7128   udp_echo_server.o
       296         30          0          4          0       3547   usart.o

    ----------------------------------------------------------------------
     97572      20786     180344        344     183988    1077102   Object Totals
       440          0         64          0          0          0   (incl. Generated)
       108          0         24          4          2          0   (incl. Padding)

    ----------------------------------------------------------------------

      Code (inc. data)   RO Data    RW Data    ZI Data      Debug   Library Member Name

        32          6          0          0          0         84   __0scanf.o
        24          4          0          0          0         84   __2printf.o
        56          6          0          0          0         88   __2snprintf.o
        44          6          0          0          0         84   __2sprintf.o
        90          0          0          0          0          0   __dczerorl2.o
         8          0          0          0          0         68   __main.o
       392          4         17          0          0         92   __printf_flags_ss_wp.o
        14          0          0          0          0         68   __printf_wp.o
         0          0          0          0          0          0   __rtentry.o
        12          0          0          0          0          0   __rtentry2.o
         6          0          0          0          0          0   __rtentry4.o
        52          8          0          0          0          0   __scatter.o
        26          0          0          0          0          0   __scatter_copy.o
        28          0          0          0          0          0   __scatter_zi.o
        28          0          0          0          0         68   _chval.o
        60          0          0          0          0         92   _mbrtowc.o
         0          0         12          0          0          0   _monlen.o
         6          0          0          0          0          0   _printf_a.o
         6          0          0          0          0          0   _printf_c.o
        44          0          0          0          0        108   _printf_char.o
        48          6          0          0          0         96   _printf_char_common.o
        64          6          0          0          0         84   _printf_char_file_locked.o
        40          0          0          0          0         68   _printf_charcount.o
         6          0          0          0          0          0   _printf_d.o
       120         16          0          0          0         92   _printf_dec.o
         6          0          0          0          0          0   _printf_e.o
         6          0          0          0          0          0   _printf_f.o
      1054          0          0          0          0        216   _printf_fp_dec.o
       764          8         38          0          0        100   _printf_fp_hex.o
       128         16          0          0          0         84   _printf_fp_infnan.o
         6          0          0          0          0          0   _printf_g.o
       148          4         40          0          0        160   _printf_hex_int_ll_ptr.o
         6          0          0          0          0          0   _printf_i.o
       178          0          0          0          0         88   _printf_intcommon.o
        10          0          0          0          0          0   _printf_l.o
         6          0          0          0          0          0   _printf_lc.o
        10          0          0          0          0          0   _printf_ll.o
         6          0          0          0          0          0   _printf_lld.o
         6          0          0          0          0          0   _printf_lli.o
         6          0          0          0          0          0   _printf_llo.o
         6          0          0          0          0          0   _printf_llu.o
         6          0          0          0          0          0   _printf_llx.o
       124         16          0          0          0         92   _printf_longlong_dec.o
         6          0          0          0          0          0   _printf_ls.o
         6          0          0          0          0          0   _printf_n.o
         6          0          0          0          0          0   _printf_o.o
       112         10          0          0          0        124   _printf_oct_int_ll.o
         6          0          0          0          0          0   _printf_p.o
        78          0          0          0          0        108   _printf_pad.o
         0          0          0          0          0          0   _printf_percent.o
         4          0          0          0          0          0   _printf_percent_end.o
         6          0          0          0          0          0   _printf_s.o
        82          0          0          0          0         80   _printf_str.o
        36          0          0          0          0         84   _printf_truncate.o
         6          0          0          0          0          0   _printf_u.o
        44          0          0          0          0        108   _printf_wchar.o
       188          6          8          0          0         92   _printf_wctomb.o
         6          0          0          0          0          0   _printf_x.o
        22          0          0          0          0        100   _rserrno.o
       884          4          0          0          0        100   _scanf.o
       332          0          0          0          0         96   _scanf_int.o
       342          0          0          0          0        100   _scanf_longlong.o
       276          0          0          0          0        100   _scanf_mbtowc.o
       224          0          0          0          0         96   _scanf_str.o
        30          0          0          0          0         76   _scanf_wcharmap.o
       232          0          0          0          0        100   _scanf_wctomb.o
       208          0          0          0          0         96   _scanf_wstr.o
        64          0          0          0          0         84   _sgetc.o
        16          0          0          0          0         68   _snputc.o
        10          0          0          0          0         68   _sputc.o
       158          0          0          0          0         92   _strtoul.o
        64          0          0          0          0         92   _wcrtomb.o
        16          0          0          0          0         68   aeabi_memset.o
        26          0          0          0          0         80   atoi.o
        72          0          0          0          0         92   backspace.o
       228          4        148          0          0         96   bigflt0.o
      2152        136          0          0          0        960   btod.o
        10          0          0          0          0         68   defsig_exit.o
        50          0          0          0          0         88   defsig_general.o
        80         58          0          0          0         76   defsig_rtmem_inner.o
        14          0          0          0          0         80   defsig_rtmem_outer.o
        52         38          0          0          0         76   defsig_rtred_inner.o
        14          0          0          0          0         80   defsig_rtred_outer.o
        18          0          0          0          0         80   exit.o
        76          0          0          0          0         88   fclose.o
        52          6          0          0          0         80   fclose_locked.o
        30          0          0          0          0         80   feof_locked.o
       144         10          0          0          0        128   fflush_locked.o
        24          0          0          0          0         68   fgetc.o
        86          0          0          0          0         84   fgets_locked.o
       570          0          0          0          0        132   filbuf.o
       470          0          0          0          0         88   flsbuf.o
        92          8          0          0          0         88   flushlinebuffered_locked.o
       324          8          0          0          0        152   fopen_locked.o
        26          0          0          0          0         68   fputc.o
       306          0          0          0          0         96   freadfast_locked.o
       248          6          0          0          0         84   fseek.o
        44          0          0          0          0         84   fseek_locked.o
        66          0          0          0          0         76   ftell.o
        32          0          0          0          0         80   ftell_locked.o
       208          0          0          0          0         92   fwritefast_locked.o
       158          0          0          0          0        128   h1_alloc_mt.o
        62          0          0          0          0         80   h1_extend_mt.o
        10          0          0          0          0         76   h1_final_mt.o
       118          0          0          0          0        108   h1_free_mt.o
        18          0          0          0          0         84   h1_init_mt.o
         6          0          0          0          0        152   heapauxi.o
         4          0          0          0          0        136   hguard.o
       138          0          0          0          0        168   init_alloc.o
       456         48          0          0          0        116   initio_locked.o
        18          0          0          0          0         76   isprint.o
        18          0          0          0          0         76   isspace.o
        44         10        272          0          0         76   lc_ctype_c.o
        44         10         28          0          0         76   lc_numeric_c.o
         2          0          0          0          0          0   libinit.o
        42          0          0          0          0          0   libinit2.o
         2          0          0          0          0          0   libshutdown.o
        10          0          0          0          0          0   libshutdown2.o
         8          4          0          0         96         68   libspace.o
        72          0          0          0          0         76   llsdiv.o
        38          0          0          0          0         68   llshl.o
       138          0          0          0          0         80   lludiv10.o
       238          0          0          0          0        100   lludivv7m.o
        12          6          0          0         44         68   localtime.o
       184          6          0          0          0         80   localtime_internal.o
         0          0          0          0          0          0   maybetermalloc2.o
        88          0          0          0          0         76   memcmp.o
        64          6          0          0          0         80   puts_locked.o
        16          4          0          0          0         76   rt_ctype_table.o
         8          4          0          0          0         68   rt_errno_addr_intlibspace.o
         8          4          0          0          0         68   rt_heap_descriptor_intlibspace.o
         8          4          0          0          0         68   rt_locale_intlibspace.o
        68          0          0          0          0         68   rt_memclr.o
        78          0          0          0          0         80   rt_memclr_w.o
       138          0          0          0          0         68   rt_memcpy_v6.o
       100          0          0          0          0         80   rt_memcpy_w.o
         2          0          0          0          0          0   rtexit.o
        10          0          0          0          0          0   rtexit2.o
        44          8          0          0          0         84   scanf_char.o
        64          8          0          0          0         84   scanf_char_file_locked.o
      1272         16          0          0          0        168   scanf_fp.o
       800         14          0          0          0        100   scanf_hexfp.o
       308         16          0          0          0        100   scanf_infnan.o
       104          0          0          0          0         88   setvbuf_locked.o
        60          8          0          0          0         84   sscanf.o
       240          6          0          0          0        156   stdio.o
         0          0          0         12        252          0   stdio_streams.o
        20          0          0          0          0         68   strchr.o
       128          0          0          0          0         68   strcmpv7m.o
        72          0          0          0          0         80   strcpy.o
        32          0          0          0          0         80   strcspn.o
         0          0          0          4          0          0   streamlock.o
        62          0          0          0          0         76   strlen.o
        50          0          0          0          0         84   strncasecmp.o
        86          0          0          0          0         76   strncpy.o
        28          0          0          0          0         80   strspn.o
        36          0          0          0          0         80   strstr.o
        12          6          0          4          0         68   strtok.o
        68          4          0          0          0         84   strtok_int.o
       112          0          0          0          0         88   strtol.o
        74          0          0          0          0         80   sys_stackheap_outer.o
        16          0          0          0          0         80   term_alloc.o
        26          0          0          0          0         76   tolower.o
        72         12          0          0          0         68   ungetc.o
        36          4          0          0          0         76   vsprintf.o
        98          4          0          0          0         92   d2f.o
        16          4          0          0          0         68   dcheck1.o
        24          0          0          0          0         68   dcmpi.o
       120          4          0          0          0         92   deqf.o
        90          4          0          0          0         92   dfixu.o
        38          0          0          0          0         68   dflt_clz.o
       120          4          0          0          0         92   dleqf.o
       340         12          0          0          0        104   dmul.o
       156          4          0          0          0         92   dnaninf.o
        12          0          0          0          0         68   dretinf.o
       108          0          0          0          0         80   drleqf.o
         0          0         16          0          0          0   fpconst.o
        10          0          0          0          0         68   fretinf.o
         6          0          0          0          0         68   istatus.o
         4          0          0          0          0         68   printf1.o
         4          0          0          0          0         68   printf2.o
       100          0          0          0          0         68   retnan.o
        92          0          0          0          0         68   scalbn.o
         4          0          0          0          0         68   scanf1.o
         8          0          0          0          0         84   scanf2.o
        48          0          0          0          0         68   trapv.o
         0          0          0          0          0          0   usenofp.o
        30          6          0          0          0        136   dunder.o
        40          0          0          0          0         68   fpclassify.o
        88          8          0          0          0         76   frexp.o
       138          0          0          0          0        160   ldexp.o
       204          4          0          0          0        168   narrow.o

    ----------------------------------------------------------------------
     20840        662        584         20        440      14144   Library Totals
        32          0          5          0         48          0   (incl. Padding)

    ----------------------------------------------------------------------

      Code (inc. data)   RO Data    RW Data    ZI Data      Debug   Library Name

     18910        608        563         20        392      11992   c_w.l
      1398         36         16          0          0       1544   fz_ws.l
       500         18          0          0          0        608   m_ws.l

    ----------------------------------------------------------------------
     20840        662        584         20        440      14144   Library Totals

    ----------------------------------------------------------------------

==============================================================================


      Code (inc. data)   RO Data    RW Data    ZI Data      Debug   

    118412      21448     180928        364     184428    1047370   Grand Totals
    118412      21448     180928        152     184428    1047370   ELF Image Totals (compressed)
    118412      21448     180928        152          0          0   ROM Totals

==============================================================================

    Total RO  Size (Code + RO Data)               299340 ( 292.32kB)
    Total RW  Size (RW Data + ZI Data)            184792 ( 180.46kB)
    Total ROM Size (Code + RO Data + RW Data)     299492 ( 292.47kB)

==============================================================================

